

Station 0:
This station was full for 0 minutes
This station was empty for 0 minutes


Station 1:
This station was full for 0 minutes
This station was empty for 0 minutes


Station 2:
This station was full for 0 minutes
This station was empty for 0 minutes


Station 3:
This station was full for 0 minutes
This station was empty for 0 minutes


Station 4:
This station was full for 0 minutes
This station was empty for 0 minutes


Station 5:
This station was full for 0 minutes
This station was empty for 0 minutes


Station 6:
This station was full for 0 minutes
This station was empty for 2880 minutes


Station 7:
This station was full for 0 minutes
This station was empty for 0 minutes


Station 8:
This station was full for 0 minutes
This station was empty for 0 minutes


Station 9:
This station was full for 0 minutes
This station was empty for 0 minutes


Station 10:
This station was full for 0 minutes
This station was empty for 0 minutes


Station 11:
This station was full for 0 minutes
This station was empty for 0 minutes


Station 12:
This station was full for 0 minutes
This station was empty for 0 minutes


Station 13:
This station was full for 0 minutes
This station was empty for 0 minutes


Station 14:
This station was full for 0 minutes
This station was empty for 0 minutes


Station 15:
This station was full for 0 minutes
This station was empty for 0 minutes


Station 16:
At time 0, there were 1 cars that did not get parking
At time 1, there were 1 cars that did not get parking
At time 2, there were 1 cars that did not get parking
At time 3, there were 1 cars that did not get parking
At time 4, there were 1 cars that did not get parking
At time 5, there were 1 cars that did not get parking
At time 6, there were 1 cars that did not get parking
At time 7, there were 1 cars that did not get parking
At time 8, there were 1 cars that did not get parking
At time 9, there were 1 cars that did not get parking
At time 10, there were 1 cars that did not get parking
At time 11, there were 1 cars that did not get parking
At time 12, there were 1 cars that did not get parking
At time 13, there were 1 cars that did not get parking
At time 14, there were 1 cars that did not get parking
At time 15, there were 1 cars that did not get parking
At time 16, there were 1 cars that did not get parking
At time 17, there were 1 cars that did not get parking
At time 18, there were 1 cars that did not get parking
At time 19, there were 1 cars that did not get parking
At time 20, there were 1 cars that did not get parking
At time 21, there were 1 cars that did not get parking
At time 22, there were 1 cars that did not get parking
At time 23, there were 1 cars that did not get parking
At time 24, there were 1 cars that did not get parking
At time 25, there were 1 cars that did not get parking
At time 26, there were 1 cars that did not get parking
At time 27, there were 1 cars that did not get parking
At time 28, there were 1 cars that did not get parking
At time 29, there were 1 cars that did not get parking
At time 30, there were 1 cars that did not get parking
At time 31, there were 1 cars that did not get parking
At time 32, there were 1 cars that did not get parking
At time 33, there were 1 cars that did not get parking
At time 34, there were 1 cars that did not get parking
At time 35, there were 1 cars that did not get parking
At time 36, there were 1 cars that did not get parking
At time 37, there were 1 cars that did not get parking
At time 38, there were 1 cars that did not get parking
At time 39, there were 1 cars that did not get parking
At time 40, there were 1 cars that did not get parking
At time 41, there were 1 cars that did not get parking
At time 42, there were 1 cars that did not get parking
At time 43, there were 1 cars that did not get parking
At time 44, there were 1 cars that did not get parking
At time 45, there were 1 cars that did not get parking
At time 46, there were 1 cars that did not get parking
At time 47, there were 1 cars that did not get parking
At time 48, there were 1 cars that did not get parking
At time 49, there were 1 cars that did not get parking
At time 50, there were 1 cars that did not get parking
At time 51, there were 1 cars that did not get parking
At time 52, there were 1 cars that did not get parking
At time 53, there were 1 cars that did not get parking
At time 54, there were 1 cars that did not get parking
At time 55, there were 1 cars that did not get parking
At time 56, there were 1 cars that did not get parking
At time 57, there were 1 cars that did not get parking
At time 58, there were 1 cars that did not get parking
At time 59, there were 1 cars that did not get parking
At time 60, there were 1 cars that did not get parking
At time 61, there were 1 cars that did not get parking
At time 62, there were 1 cars that did not get parking
At time 63, there were 1 cars that did not get parking
At time 64, there were 1 cars that did not get parking
At time 65, there were 1 cars that did not get parking
At time 66, there were 1 cars that did not get parking
At time 67, there were 1 cars that did not get parking
At time 68, there were 1 cars that did not get parking
At time 69, there were 1 cars that did not get parking
At time 70, there were 1 cars that did not get parking
At time 71, there were 1 cars that did not get parking
At time 72, there were 1 cars that did not get parking
At time 73, there were 1 cars that did not get parking
At time 74, there were 1 cars that did not get parking
At time 75, there were 1 cars that did not get parking
At time 76, there were 1 cars that did not get parking
At time 77, there were 1 cars that did not get parking
At time 78, there were 1 cars that did not get parking
At time 79, there were 1 cars that did not get parking
At time 80, there were 1 cars that did not get parking
At time 81, there were 1 cars that did not get parking
At time 82, there were 1 cars that did not get parking
At time 83, there were 1 cars that did not get parking
At time 84, there were 1 cars that did not get parking
At time 85, there were 1 cars that did not get parking
At time 86, there were 1 cars that did not get parking
At time 87, there were 1 cars that did not get parking
At time 88, there were 1 cars that did not get parking
At time 89, there were 1 cars that did not get parking
At time 90, there were 1 cars that did not get parking
At time 91, there were 1 cars that did not get parking
At time 92, there were 1 cars that did not get parking
At time 93, there were 1 cars that did not get parking
At time 94, there were 1 cars that did not get parking
At time 95, there were 1 cars that did not get parking
At time 96, there were 1 cars that did not get parking
At time 97, there were 1 cars that did not get parking
At time 98, there were 1 cars that did not get parking
At time 99, there were 1 cars that did not get parking
At time 100, there were 1 cars that did not get parking
At time 101, there were 1 cars that did not get parking
At time 102, there were 1 cars that did not get parking
At time 103, there were 1 cars that did not get parking
At time 104, there were 1 cars that did not get parking
At time 105, there were 1 cars that did not get parking
At time 106, there were 1 cars that did not get parking
At time 107, there were 1 cars that did not get parking
At time 108, there were 1 cars that did not get parking
At time 109, there were 1 cars that did not get parking
At time 110, there were 1 cars that did not get parking
At time 111, there were 1 cars that did not get parking
At time 112, there were 1 cars that did not get parking
At time 113, there were 1 cars that did not get parking
At time 114, there were 1 cars that did not get parking
At time 115, there were 1 cars that did not get parking
At time 116, there were 1 cars that did not get parking
At time 117, there were 1 cars that did not get parking
At time 118, there were 1 cars that did not get parking
At time 119, there were 1 cars that did not get parking
At time 120, there were 1 cars that did not get parking
At time 121, there were 1 cars that did not get parking
At time 122, there were 1 cars that did not get parking
At time 123, there were 1 cars that did not get parking
At time 124, there were 1 cars that did not get parking
At time 125, there were 1 cars that did not get parking
At time 126, there were 1 cars that did not get parking
At time 127, there were 1 cars that did not get parking
At time 128, there were 1 cars that did not get parking
At time 129, there were 1 cars that did not get parking
At time 130, there were 1 cars that did not get parking
At time 131, there were 1 cars that did not get parking
At time 132, there were 1 cars that did not get parking
At time 133, there were 1 cars that did not get parking
At time 134, there were 1 cars that did not get parking
At time 135, there were 1 cars that did not get parking
At time 136, there were 1 cars that did not get parking
At time 137, there were 1 cars that did not get parking
At time 138, there were 1 cars that did not get parking
At time 139, there were 1 cars that did not get parking
At time 140, there were 1 cars that did not get parking
At time 141, there were 1 cars that did not get parking
At time 142, there were 1 cars that did not get parking
At time 143, there were 1 cars that did not get parking
At time 144, there were 1 cars that did not get parking
At time 145, there were 1 cars that did not get parking
At time 146, there were 1 cars that did not get parking
At time 147, there were 1 cars that did not get parking
At time 148, there were 1 cars that did not get parking
At time 149, there were 1 cars that did not get parking
At time 150, there were 1 cars that did not get parking
At time 151, there were 1 cars that did not get parking
At time 152, there were 1 cars that did not get parking
At time 153, there were 1 cars that did not get parking
At time 154, there were 1 cars that did not get parking
At time 155, there were 1 cars that did not get parking
At time 156, there were 1 cars that did not get parking
At time 157, there were 1 cars that did not get parking
At time 158, there were 1 cars that did not get parking
At time 159, there were 1 cars that did not get parking
At time 160, there were 1 cars that did not get parking
At time 161, there were 1 cars that did not get parking
At time 162, there were 1 cars that did not get parking
At time 163, there were 1 cars that did not get parking
At time 164, there were 1 cars that did not get parking
At time 165, there were 1 cars that did not get parking
At time 166, there were 1 cars that did not get parking
At time 167, there were 1 cars that did not get parking
At time 168, there were 1 cars that did not get parking
At time 169, there were 1 cars that did not get parking
At time 170, there were 1 cars that did not get parking
At time 171, there were 1 cars that did not get parking
At time 172, there were 1 cars that did not get parking
At time 173, there were 1 cars that did not get parking
At time 174, there were 1 cars that did not get parking
At time 175, there were 1 cars that did not get parking
At time 176, there were 1 cars that did not get parking
At time 177, there were 1 cars that did not get parking
At time 178, there were 1 cars that did not get parking
At time 179, there were 1 cars that did not get parking
At time 180, there were 1 cars that did not get parking
At time 181, there were 1 cars that did not get parking
At time 182, there were 1 cars that did not get parking
At time 183, there were 1 cars that did not get parking
At time 184, there were 1 cars that did not get parking
At time 185, there were 1 cars that did not get parking
At time 186, there were 1 cars that did not get parking
At time 187, there were 1 cars that did not get parking
At time 188, there were 1 cars that did not get parking
At time 189, there were 1 cars that did not get parking
At time 190, there were 1 cars that did not get parking
At time 191, there were 1 cars that did not get parking
At time 192, there were 1 cars that did not get parking
At time 193, there were 1 cars that did not get parking
At time 194, there were 1 cars that did not get parking
At time 195, there were 1 cars that did not get parking
At time 196, there were 1 cars that did not get parking
At time 197, there were 1 cars that did not get parking
At time 198, there were 1 cars that did not get parking
At time 199, there were 1 cars that did not get parking
At time 200, there were 1 cars that did not get parking
At time 201, there were 1 cars that did not get parking
At time 202, there were 1 cars that did not get parking
At time 203, there were 1 cars that did not get parking
At time 204, there were 1 cars that did not get parking
At time 205, there were 1 cars that did not get parking
At time 206, there were 1 cars that did not get parking
At time 207, there were 1 cars that did not get parking
At time 208, there were 1 cars that did not get parking
At time 209, there were 1 cars that did not get parking
At time 210, there were 1 cars that did not get parking
At time 211, there were 1 cars that did not get parking
At time 212, there were 1 cars that did not get parking
At time 213, there were 1 cars that did not get parking
At time 214, there were 1 cars that did not get parking
At time 215, there were 1 cars that did not get parking
At time 216, there were 1 cars that did not get parking
At time 217, there were 1 cars that did not get parking
At time 218, there were 1 cars that did not get parking
At time 219, there were 1 cars that did not get parking
At time 220, there were 1 cars that did not get parking
At time 221, there were 1 cars that did not get parking
At time 222, there were 1 cars that did not get parking
At time 223, there were 1 cars that did not get parking
At time 224, there were 1 cars that did not get parking
At time 225, there were 1 cars that did not get parking
At time 226, there were 1 cars that did not get parking
At time 227, there were 1 cars that did not get parking
At time 228, there were 1 cars that did not get parking
At time 229, there were 1 cars that did not get parking
At time 230, there were 1 cars that did not get parking
At time 231, there were 1 cars that did not get parking
At time 232, there were 1 cars that did not get parking
At time 233, there were 1 cars that did not get parking
At time 234, there were 1 cars that did not get parking
At time 235, there were 1 cars that did not get parking
At time 236, there were 1 cars that did not get parking
At time 237, there were 1 cars that did not get parking
At time 238, there were 1 cars that did not get parking
At time 239, there were 1 cars that did not get parking
At time 240, there were 1 cars that did not get parking
At time 241, there were 1 cars that did not get parking
At time 242, there were 1 cars that did not get parking
At time 243, there were 1 cars that did not get parking
At time 244, there were 1 cars that did not get parking
At time 245, there were 1 cars that did not get parking
At time 246, there were 1 cars that did not get parking
At time 247, there were 1 cars that did not get parking
At time 248, there were 1 cars that did not get parking
At time 249, there were 1 cars that did not get parking
At time 250, there were 1 cars that did not get parking
At time 251, there were 1 cars that did not get parking
At time 252, there were 1 cars that did not get parking
At time 253, there were 1 cars that did not get parking
At time 254, there were 1 cars that did not get parking
At time 255, there were 1 cars that did not get parking
At time 256, there were 1 cars that did not get parking
At time 257, there were 1 cars that did not get parking
At time 258, there were 1 cars that did not get parking
At time 259, there were 1 cars that did not get parking
At time 260, there were 1 cars that did not get parking
At time 261, there were 1 cars that did not get parking
At time 262, there were 1 cars that did not get parking
At time 263, there were 1 cars that did not get parking
At time 264, there were 1 cars that did not get parking
At time 265, there were 1 cars that did not get parking
At time 266, there were 1 cars that did not get parking
At time 267, there were 1 cars that did not get parking
At time 268, there were 1 cars that did not get parking
At time 269, there were 1 cars that did not get parking
At time 270, there were 1 cars that did not get parking
At time 271, there were 1 cars that did not get parking
At time 272, there were 1 cars that did not get parking
At time 273, there were 1 cars that did not get parking
At time 274, there were 1 cars that did not get parking
At time 275, there were 1 cars that did not get parking
At time 276, there were 1 cars that did not get parking
At time 277, there were 1 cars that did not get parking
At time 278, there were 1 cars that did not get parking
At time 279, there were 1 cars that did not get parking
At time 280, there were 1 cars that did not get parking
At time 281, there were 1 cars that did not get parking
At time 282, there were 1 cars that did not get parking
At time 283, there were 1 cars that did not get parking
At time 284, there were 1 cars that did not get parking
At time 285, there were 1 cars that did not get parking
At time 286, there were 1 cars that did not get parking
At time 287, there were 1 cars that did not get parking
At time 288, there were 1 cars that did not get parking
At time 289, there were 1 cars that did not get parking
At time 290, there were 1 cars that did not get parking
At time 291, there were 1 cars that did not get parking
At time 292, there were 1 cars that did not get parking
At time 293, there were 1 cars that did not get parking
At time 294, there were 1 cars that did not get parking
At time 295, there were 1 cars that did not get parking
At time 296, there were 1 cars that did not get parking
At time 297, there were 1 cars that did not get parking
At time 298, there were 1 cars that did not get parking
At time 299, there were 1 cars that did not get parking
At time 300, there were 1 cars that did not get parking
At time 301, there were 1 cars that did not get parking
At time 302, there were 1 cars that did not get parking
At time 303, there were 1 cars that did not get parking
At time 304, there were 1 cars that did not get parking
At time 305, there were 1 cars that did not get parking
At time 306, there were 1 cars that did not get parking
At time 307, there were 1 cars that did not get parking
At time 308, there were 1 cars that did not get parking
At time 309, there were 1 cars that did not get parking
At time 310, there were 1 cars that did not get parking
At time 311, there were 1 cars that did not get parking
At time 312, there were 1 cars that did not get parking
At time 313, there were 1 cars that did not get parking
At time 314, there were 1 cars that did not get parking
At time 315, there were 1 cars that did not get parking
At time 316, there were 1 cars that did not get parking
At time 317, there were 1 cars that did not get parking
At time 318, there were 1 cars that did not get parking
At time 319, there were 1 cars that did not get parking
At time 320, there were 1 cars that did not get parking
At time 321, there were 1 cars that did not get parking
At time 322, there were 1 cars that did not get parking
At time 323, there were 1 cars that did not get parking
At time 324, there were 1 cars that did not get parking
At time 325, there were 1 cars that did not get parking
At time 326, there were 1 cars that did not get parking
At time 327, there were 1 cars that did not get parking
At time 328, there were 1 cars that did not get parking
At time 329, there were 1 cars that did not get parking
At time 330, there were 1 cars that did not get parking
At time 331, there were 1 cars that did not get parking
At time 332, there were 1 cars that did not get parking
At time 333, there were 1 cars that did not get parking
At time 334, there were 1 cars that did not get parking
At time 335, there were 1 cars that did not get parking
At time 336, there were 1 cars that did not get parking
At time 337, there were 1 cars that did not get parking
At time 338, there were 1 cars that did not get parking
At time 339, there were 1 cars that did not get parking
At time 340, there were 1 cars that did not get parking
At time 341, there were 1 cars that did not get parking
At time 342, there were 1 cars that did not get parking
At time 343, there were 1 cars that did not get parking
At time 344, there were 1 cars that did not get parking
At time 345, there were 1 cars that did not get parking
At time 346, there were 1 cars that did not get parking
At time 347, there were 1 cars that did not get parking
At time 348, there were 1 cars that did not get parking
At time 349, there were 1 cars that did not get parking
At time 350, there were 1 cars that did not get parking
At time 351, there were 1 cars that did not get parking
At time 352, there were 1 cars that did not get parking
At time 353, there were 1 cars that did not get parking
At time 354, there were 1 cars that did not get parking
At time 355, there were 1 cars that did not get parking
At time 356, there were 1 cars that did not get parking
At time 357, there were 1 cars that did not get parking
At time 358, there were 1 cars that did not get parking
At time 359, there were 1 cars that did not get parking
At time 360, there were 1 cars that did not get parking
At time 361, there were 1 cars that did not get parking
At time 362, there were 1 cars that did not get parking
At time 363, there were 1 cars that did not get parking
At time 364, there were 1 cars that did not get parking
At time 365, there were 1 cars that did not get parking
At time 366, there were 1 cars that did not get parking
At time 367, there were 1 cars that did not get parking
At time 368, there were 1 cars that did not get parking
At time 369, there were 1 cars that did not get parking
At time 370, there were 1 cars that did not get parking
At time 371, there were 1 cars that did not get parking
At time 372, there were 1 cars that did not get parking
At time 373, there were 1 cars that did not get parking
At time 374, there were 1 cars that did not get parking
At time 375, there were 1 cars that did not get parking
At time 376, there were 1 cars that did not get parking
At time 377, there were 1 cars that did not get parking
At time 378, there were 1 cars that did not get parking
At time 379, there were 1 cars that did not get parking
At time 380, there were 1 cars that did not get parking
At time 381, there were 1 cars that did not get parking
At time 382, there were 1 cars that did not get parking
At time 383, there were 1 cars that did not get parking
At time 384, there were 1 cars that did not get parking
At time 385, there were 1 cars that did not get parking
At time 386, there were 1 cars that did not get parking
At time 387, there were 1 cars that did not get parking
At time 388, there were 1 cars that did not get parking
At time 389, there were 1 cars that did not get parking
At time 390, there were 1 cars that did not get parking
At time 391, there were 1 cars that did not get parking
At time 392, there were 1 cars that did not get parking
At time 393, there were 1 cars that did not get parking
At time 394, there were 1 cars that did not get parking
At time 395, there were 1 cars that did not get parking
At time 396, there were 1 cars that did not get parking
At time 397, there were 1 cars that did not get parking
At time 398, there were 1 cars that did not get parking
At time 399, there were 1 cars that did not get parking
At time 400, there were 1 cars that did not get parking
At time 401, there were 1 cars that did not get parking
At time 402, there were 1 cars that did not get parking
At time 403, there were 1 cars that did not get parking
At time 404, there were 1 cars that did not get parking
At time 405, there were 1 cars that did not get parking
At time 406, there were 1 cars that did not get parking
At time 407, there were 1 cars that did not get parking
At time 408, there were 1 cars that did not get parking
At time 409, there were 1 cars that did not get parking
At time 410, there were 1 cars that did not get parking
At time 411, there were 1 cars that did not get parking
At time 412, there were 1 cars that did not get parking
At time 413, there were 1 cars that did not get parking
At time 414, there were 1 cars that did not get parking
At time 415, there were 1 cars that did not get parking
At time 416, there were 1 cars that did not get parking
At time 417, there were 1 cars that did not get parking
At time 418, there were 1 cars that did not get parking
At time 419, there were 1 cars that did not get parking
At time 420, there were 1 cars that did not get parking
At time 421, there were 1 cars that did not get parking
At time 422, there were 1 cars that did not get parking
At time 423, there were 1 cars that did not get parking
At time 424, there were 1 cars that did not get parking
At time 425, there were 1 cars that did not get parking
At time 426, there were 1 cars that did not get parking
At time 427, there were 1 cars that did not get parking
At time 428, there were 1 cars that did not get parking
At time 429, there were 1 cars that did not get parking
At time 430, there were 1 cars that did not get parking
At time 431, there were 1 cars that did not get parking
At time 432, there were 1 cars that did not get parking
At time 433, there were 1 cars that did not get parking
At time 434, there were 1 cars that did not get parking
At time 435, there were 1 cars that did not get parking
At time 436, there were 1 cars that did not get parking
At time 437, there were 1 cars that did not get parking
At time 438, there were 1 cars that did not get parking
At time 439, there were 1 cars that did not get parking
At time 440, there were 1 cars that did not get parking
At time 441, there were 1 cars that did not get parking
At time 442, there were 1 cars that did not get parking
At time 443, there were 1 cars that did not get parking
At time 444, there were 1 cars that did not get parking
At time 445, there were 1 cars that did not get parking
At time 446, there were 1 cars that did not get parking
At time 447, there were 1 cars that did not get parking
At time 448, there were 1 cars that did not get parking
At time 449, there were 1 cars that did not get parking
At time 450, there were 1 cars that did not get parking
At time 451, there were 1 cars that did not get parking
At time 452, there were 1 cars that did not get parking
At time 453, there were 1 cars that did not get parking
At time 454, there were 1 cars that did not get parking
At time 455, there were 1 cars that did not get parking
At time 456, there were 1 cars that did not get parking
At time 457, there were 1 cars that did not get parking
At time 458, there were 1 cars that did not get parking
At time 459, there were 1 cars that did not get parking
At time 460, there were 1 cars that did not get parking
At time 461, there were 1 cars that did not get parking
At time 462, there were 1 cars that did not get parking
At time 463, there were 1 cars that did not get parking
At time 464, there were 1 cars that did not get parking
At time 465, there were 1 cars that did not get parking
At time 466, there were 1 cars that did not get parking
At time 467, there were 1 cars that did not get parking
At time 468, there were 1 cars that did not get parking
At time 469, there were 1 cars that did not get parking
At time 470, there were 1 cars that did not get parking
At time 471, there were 1 cars that did not get parking
At time 472, there were 1 cars that did not get parking
At time 473, there were 1 cars that did not get parking
At time 474, there were 1 cars that did not get parking
At time 475, there were 1 cars that did not get parking
At time 476, there were 1 cars that did not get parking
At time 477, there were 1 cars that did not get parking
At time 478, there were 1 cars that did not get parking
At time 479, there were 1 cars that did not get parking
At time 480, there were 1 cars that did not get parking
At time 481, there were 1 cars that did not get parking
At time 482, there were 1 cars that did not get parking
At time 483, there were 1 cars that did not get parking
At time 484, there were 1 cars that did not get parking
At time 485, there were 1 cars that did not get parking
At time 486, there were 1 cars that did not get parking
At time 487, there were 1 cars that did not get parking
At time 488, there were 1 cars that did not get parking
At time 489, there were 1 cars that did not get parking
At time 490, there were 1 cars that did not get parking
At time 491, there were 1 cars that did not get parking
At time 492, there were 1 cars that did not get parking
At time 493, there were 1 cars that did not get parking
At time 494, there were 1 cars that did not get parking
At time 495, there were 1 cars that did not get parking
At time 496, there were 1 cars that did not get parking
At time 497, there were 1 cars that did not get parking
At time 498, there were 1 cars that did not get parking
At time 499, there were 1 cars that did not get parking
At time 500, there were 1 cars that did not get parking
At time 501, there were 1 cars that did not get parking
At time 502, there were 1 cars that did not get parking
At time 503, there were 1 cars that did not get parking
At time 504, there were 1 cars that did not get parking
At time 505, there were 1 cars that did not get parking
At time 506, there were 1 cars that did not get parking
At time 507, there were 1 cars that did not get parking
At time 508, there were 1 cars that did not get parking
At time 509, there were 1 cars that did not get parking
At time 510, there were 1 cars that did not get parking
At time 511, there were 1 cars that did not get parking
At time 512, there were 1 cars that did not get parking
At time 513, there were 1 cars that did not get parking
At time 514, there were 1 cars that did not get parking
At time 515, there were 1 cars that did not get parking
At time 516, there were 1 cars that did not get parking
At time 517, there were 1 cars that did not get parking
At time 518, there were 1 cars that did not get parking
At time 519, there were 1 cars that did not get parking
At time 520, there were 1 cars that did not get parking
At time 521, there were 1 cars that did not get parking
At time 522, there were 1 cars that did not get parking
At time 523, there were 1 cars that did not get parking
At time 524, there were 1 cars that did not get parking
At time 525, there were 1 cars that did not get parking
At time 526, there were 1 cars that did not get parking
At time 527, there were 1 cars that did not get parking
At time 528, there were 1 cars that did not get parking
At time 529, there were 1 cars that did not get parking
At time 530, there were 1 cars that did not get parking
At time 531, there were 1 cars that did not get parking
At time 532, there were 1 cars that did not get parking
At time 533, there were 1 cars that did not get parking
At time 534, there were 1 cars that did not get parking
At time 535, there were 1 cars that did not get parking
At time 536, there were 1 cars that did not get parking
At time 537, there were 1 cars that did not get parking
At time 538, there were 1 cars that did not get parking
At time 539, there were 1 cars that did not get parking
At time 540, there were 1 cars that did not get parking
At time 541, there were 1 cars that did not get parking
At time 542, there were 1 cars that did not get parking
At time 543, there were 1 cars that did not get parking
At time 544, there were 1 cars that did not get parking
At time 545, there were 1 cars that did not get parking
At time 546, there were 1 cars that did not get parking
At time 547, there were 1 cars that did not get parking
At time 548, there were 1 cars that did not get parking
At time 549, there were 1 cars that did not get parking
At time 550, there were 1 cars that did not get parking
At time 551, there were 1 cars that did not get parking
At time 552, there were 1 cars that did not get parking
At time 553, there were 1 cars that did not get parking
At time 554, there were 1 cars that did not get parking
At time 555, there were 1 cars that did not get parking
At time 556, there were 1 cars that did not get parking
At time 557, there were 1 cars that did not get parking
At time 558, there were 1 cars that did not get parking
At time 559, there were 1 cars that did not get parking
At time 560, there were 1 cars that did not get parking
At time 561, there were 1 cars that did not get parking
At time 562, there were 1 cars that did not get parking
At time 563, there were 1 cars that did not get parking
At time 564, there were 1 cars that did not get parking
At time 565, there were 1 cars that did not get parking
At time 566, there were 1 cars that did not get parking
At time 567, there were 1 cars that did not get parking
At time 568, there were 1 cars that did not get parking
At time 569, there were 1 cars that did not get parking
At time 570, there were 1 cars that did not get parking
At time 571, there were 1 cars that did not get parking
At time 572, there were 1 cars that did not get parking
At time 573, there were 1 cars that did not get parking
At time 574, there were 1 cars that did not get parking
At time 575, there were 1 cars that did not get parking
At time 576, there were 1 cars that did not get parking
At time 577, there were 1 cars that did not get parking
At time 578, there were 1 cars that did not get parking
At time 579, there were 1 cars that did not get parking
At time 580, there were 1 cars that did not get parking
At time 581, there were 1 cars that did not get parking
At time 582, there were 1 cars that did not get parking
At time 583, there were 1 cars that did not get parking
At time 584, there were 1 cars that did not get parking
At time 585, there were 1 cars that did not get parking
At time 586, there were 1 cars that did not get parking
At time 587, there were 1 cars that did not get parking
At time 588, there were 1 cars that did not get parking
At time 589, there were 1 cars that did not get parking
At time 590, there were 1 cars that did not get parking
At time 591, there were 1 cars that did not get parking
At time 592, there were 1 cars that did not get parking
At time 593, there were 1 cars that did not get parking
At time 594, there were 1 cars that did not get parking
At time 595, there were 1 cars that did not get parking
At time 596, there were 1 cars that did not get parking
At time 597, there were 1 cars that did not get parking
At time 598, there were 1 cars that did not get parking
At time 599, there were 1 cars that did not get parking
At time 600, there were 1 cars that did not get parking
At time 601, there were 1 cars that did not get parking
At time 602, there were 1 cars that did not get parking
At time 603, there were 1 cars that did not get parking
At time 604, there were 1 cars that did not get parking
At time 605, there were 1 cars that did not get parking
At time 606, there were 1 cars that did not get parking
At time 607, there were 1 cars that did not get parking
At time 608, there were 1 cars that did not get parking
At time 609, there were 1 cars that did not get parking
At time 610, there were 1 cars that did not get parking
At time 611, there were 1 cars that did not get parking
At time 612, there were 1 cars that did not get parking
At time 613, there were 1 cars that did not get parking
At time 614, there were 1 cars that did not get parking
At time 615, there were 1 cars that did not get parking
At time 616, there were 1 cars that did not get parking
At time 617, there were 1 cars that did not get parking
At time 618, there were 1 cars that did not get parking
At time 619, there were 1 cars that did not get parking
At time 620, there were 1 cars that did not get parking
At time 621, there were 1 cars that did not get parking
At time 622, there were 1 cars that did not get parking
At time 623, there were 1 cars that did not get parking
At time 624, there were 1 cars that did not get parking
At time 625, there were 1 cars that did not get parking
At time 626, there were 1 cars that did not get parking
At time 627, there were 1 cars that did not get parking
At time 628, there were 1 cars that did not get parking
At time 629, there were 1 cars that did not get parking
At time 630, there were 1 cars that did not get parking
At time 631, there were 1 cars that did not get parking
At time 632, there were 1 cars that did not get parking
At time 633, there were 1 cars that did not get parking
At time 634, there were 1 cars that did not get parking
At time 635, there were 1 cars that did not get parking
At time 636, there were 1 cars that did not get parking
At time 637, there were 1 cars that did not get parking
At time 638, there were 1 cars that did not get parking
At time 639, there were 1 cars that did not get parking
At time 640, there were 1 cars that did not get parking
At time 641, there were 1 cars that did not get parking
At time 642, there were 1 cars that did not get parking
At time 643, there were 1 cars that did not get parking
At time 644, there were 1 cars that did not get parking
At time 645, there were 1 cars that did not get parking
At time 646, there were 1 cars that did not get parking
At time 647, there were 1 cars that did not get parking
At time 648, there were 1 cars that did not get parking
At time 649, there were 1 cars that did not get parking
At time 650, there were 1 cars that did not get parking
At time 651, there were 1 cars that did not get parking
At time 652, there were 1 cars that did not get parking
At time 653, there were 1 cars that did not get parking
At time 654, there were 1 cars that did not get parking
At time 655, there were 1 cars that did not get parking
At time 656, there were 1 cars that did not get parking
At time 657, there were 1 cars that did not get parking
At time 658, there were 1 cars that did not get parking
At time 659, there were 1 cars that did not get parking
At time 660, there were 1 cars that did not get parking
At time 661, there were 1 cars that did not get parking
At time 662, there were 1 cars that did not get parking
At time 663, there were 1 cars that did not get parking
At time 664, there were 1 cars that did not get parking
At time 665, there were 1 cars that did not get parking
At time 666, there were 1 cars that did not get parking
At time 667, there were 1 cars that did not get parking
At time 668, there were 1 cars that did not get parking
At time 669, there were 1 cars that did not get parking
At time 670, there were 1 cars that did not get parking
At time 671, there were 1 cars that did not get parking
At time 672, there were 1 cars that did not get parking
At time 673, there were 1 cars that did not get parking
At time 674, there were 1 cars that did not get parking
At time 675, there were 1 cars that did not get parking
At time 676, there were 1 cars that did not get parking
At time 677, there were 1 cars that did not get parking
At time 678, there were 1 cars that did not get parking
At time 679, there were 1 cars that did not get parking
At time 680, there were 1 cars that did not get parking
At time 681, there were 1 cars that did not get parking
At time 682, there were 1 cars that did not get parking
At time 683, there were 1 cars that did not get parking
At time 684, there were 1 cars that did not get parking
At time 685, there were 1 cars that did not get parking
At time 686, there were 1 cars that did not get parking
At time 687, there were 1 cars that did not get parking
At time 688, there were 1 cars that did not get parking
At time 689, there were 1 cars that did not get parking
At time 690, there were 1 cars that did not get parking
At time 691, there were 1 cars that did not get parking
At time 692, there were 1 cars that did not get parking
At time 693, there were 1 cars that did not get parking
At time 694, there were 1 cars that did not get parking
At time 695, there were 1 cars that did not get parking
At time 696, there were 1 cars that did not get parking
At time 697, there were 1 cars that did not get parking
At time 698, there were 1 cars that did not get parking
At time 699, there were 1 cars that did not get parking
At time 700, there were 1 cars that did not get parking
At time 701, there were 1 cars that did not get parking
At time 702, there were 1 cars that did not get parking
At time 703, there were 1 cars that did not get parking
At time 704, there were 1 cars that did not get parking
At time 705, there were 1 cars that did not get parking
At time 706, there were 1 cars that did not get parking
At time 707, there were 1 cars that did not get parking
At time 708, there were 1 cars that did not get parking
At time 709, there were 1 cars that did not get parking
At time 710, there were 1 cars that did not get parking
At time 711, there were 1 cars that did not get parking
At time 712, there were 1 cars that did not get parking
At time 713, there were 1 cars that did not get parking
At time 714, there were 1 cars that did not get parking
At time 715, there were 1 cars that did not get parking
At time 716, there were 1 cars that did not get parking
At time 717, there were 1 cars that did not get parking
At time 718, there were 1 cars that did not get parking
At time 719, there were 1 cars that did not get parking
At time 720, there were 1 cars that did not get parking
At time 721, there were 1 cars that did not get parking
At time 722, there were 1 cars that did not get parking
At time 723, there were 1 cars that did not get parking
At time 724, there were 1 cars that did not get parking
At time 725, there were 1 cars that did not get parking
At time 726, there were 1 cars that did not get parking
At time 727, there were 1 cars that did not get parking
At time 728, there were 1 cars that did not get parking
At time 729, there were 1 cars that did not get parking
At time 730, there were 1 cars that did not get parking
At time 731, there were 1 cars that did not get parking
At time 732, there were 1 cars that did not get parking
At time 733, there were 1 cars that did not get parking
At time 734, there were 1 cars that did not get parking
At time 735, there were 1 cars that did not get parking
At time 736, there were 1 cars that did not get parking
At time 737, there were 1 cars that did not get parking
At time 738, there were 1 cars that did not get parking
At time 739, there were 1 cars that did not get parking
At time 740, there were 1 cars that did not get parking
At time 741, there were 1 cars that did not get parking
At time 742, there were 1 cars that did not get parking
At time 743, there were 1 cars that did not get parking
At time 744, there were 1 cars that did not get parking
At time 745, there were 1 cars that did not get parking
At time 746, there were 1 cars that did not get parking
At time 747, there were 1 cars that did not get parking
At time 748, there were 1 cars that did not get parking
At time 749, there were 1 cars that did not get parking
At time 750, there were 1 cars that did not get parking
At time 751, there were 1 cars that did not get parking
At time 752, there were 1 cars that did not get parking
At time 753, there were 1 cars that did not get parking
At time 754, there were 1 cars that did not get parking
At time 755, there were 1 cars that did not get parking
At time 756, there were 1 cars that did not get parking
At time 757, there were 1 cars that did not get parking
At time 758, there were 1 cars that did not get parking
At time 759, there were 1 cars that did not get parking
At time 760, there were 1 cars that did not get parking
At time 761, there were 1 cars that did not get parking
At time 762, there were 1 cars that did not get parking
At time 763, there were 1 cars that did not get parking
At time 764, there were 1 cars that did not get parking
At time 765, there were 1 cars that did not get parking
At time 766, there were 1 cars that did not get parking
At time 767, there were 1 cars that did not get parking
At time 768, there were 1 cars that did not get parking
At time 769, there were 1 cars that did not get parking
At time 770, there were 1 cars that did not get parking
At time 771, there were 1 cars that did not get parking
At time 772, there were 1 cars that did not get parking
At time 773, there were 1 cars that did not get parking
At time 774, there were 1 cars that did not get parking
At time 775, there were 1 cars that did not get parking
At time 776, there were 1 cars that did not get parking
At time 777, there were 1 cars that did not get parking
At time 778, there were 1 cars that did not get parking
At time 779, there were 1 cars that did not get parking
At time 780, there were 1 cars that did not get parking
At time 781, there were 1 cars that did not get parking
At time 782, there were 1 cars that did not get parking
At time 783, there were 1 cars that did not get parking
At time 784, there were 1 cars that did not get parking
At time 785, there were 1 cars that did not get parking
At time 786, there were 1 cars that did not get parking
At time 787, there were 1 cars that did not get parking
At time 788, there were 1 cars that did not get parking
At time 789, there were 1 cars that did not get parking
At time 790, there were 1 cars that did not get parking
At time 791, there were 1 cars that did not get parking
At time 792, there were 1 cars that did not get parking
At time 793, there were 1 cars that did not get parking
At time 794, there were 1 cars that did not get parking
At time 795, there were 1 cars that did not get parking
At time 796, there were 1 cars that did not get parking
At time 797, there were 1 cars that did not get parking
At time 798, there were 1 cars that did not get parking
At time 799, there were 1 cars that did not get parking
At time 800, there were 1 cars that did not get parking
At time 801, there were 1 cars that did not get parking
At time 802, there were 1 cars that did not get parking
At time 803, there were 1 cars that did not get parking
At time 804, there were 1 cars that did not get parking
At time 805, there were 1 cars that did not get parking
At time 806, there were 1 cars that did not get parking
At time 807, there were 1 cars that did not get parking
At time 808, there were 1 cars that did not get parking
At time 809, there were 1 cars that did not get parking
At time 810, there were 1 cars that did not get parking
At time 811, there were 1 cars that did not get parking
At time 812, there were 1 cars that did not get parking
At time 813, there were 1 cars that did not get parking
At time 814, there were 1 cars that did not get parking
At time 815, there were 1 cars that did not get parking
At time 816, there were 1 cars that did not get parking
At time 817, there were 1 cars that did not get parking
At time 818, there were 1 cars that did not get parking
At time 819, there were 1 cars that did not get parking
At time 820, there were 1 cars that did not get parking
At time 821, there were 1 cars that did not get parking
At time 822, there were 1 cars that did not get parking
At time 823, there were 1 cars that did not get parking
At time 824, there were 1 cars that did not get parking
At time 825, there were 1 cars that did not get parking
At time 826, there were 1 cars that did not get parking
At time 827, there were 1 cars that did not get parking
At time 828, there were 1 cars that did not get parking
At time 829, there were 1 cars that did not get parking
At time 830, there were 1 cars that did not get parking
At time 831, there were 1 cars that did not get parking
At time 832, there were 1 cars that did not get parking
At time 833, there were 1 cars that did not get parking
At time 834, there were 1 cars that did not get parking
At time 835, there were 1 cars that did not get parking
At time 836, there were 1 cars that did not get parking
At time 837, there were 1 cars that did not get parking
At time 838, there were 1 cars that did not get parking
At time 839, there were 1 cars that did not get parking
At time 840, there were 1 cars that did not get parking
At time 841, there were 1 cars that did not get parking
At time 842, there were 1 cars that did not get parking
At time 843, there were 1 cars that did not get parking
At time 844, there were 1 cars that did not get parking
At time 845, there were 1 cars that did not get parking
At time 846, there were 1 cars that did not get parking
At time 847, there were 1 cars that did not get parking
At time 848, there were 1 cars that did not get parking
At time 849, there were 1 cars that did not get parking
At time 850, there were 1 cars that did not get parking
At time 851, there were 1 cars that did not get parking
At time 852, there were 1 cars that did not get parking
At time 853, there were 1 cars that did not get parking
At time 854, there were 1 cars that did not get parking
At time 855, there were 1 cars that did not get parking
At time 856, there were 1 cars that did not get parking
At time 857, there were 1 cars that did not get parking
At time 858, there were 1 cars that did not get parking
At time 859, there were 1 cars that did not get parking
At time 860, there were 1 cars that did not get parking
At time 861, there were 1 cars that did not get parking
At time 862, there were 1 cars that did not get parking
At time 863, there were 1 cars that did not get parking
At time 864, there were 1 cars that did not get parking
At time 865, there were 1 cars that did not get parking
At time 866, there were 1 cars that did not get parking
At time 867, there were 1 cars that did not get parking
At time 868, there were 1 cars that did not get parking
At time 869, there were 1 cars that did not get parking
At time 870, there were 1 cars that did not get parking
At time 871, there were 1 cars that did not get parking
At time 872, there were 1 cars that did not get parking
At time 873, there were 1 cars that did not get parking
At time 874, there were 1 cars that did not get parking
At time 875, there were 1 cars that did not get parking
At time 876, there were 1 cars that did not get parking
At time 877, there were 1 cars that did not get parking
At time 878, there were 1 cars that did not get parking
At time 879, there were 1 cars that did not get parking
At time 880, there were 1 cars that did not get parking
At time 881, there were 1 cars that did not get parking
At time 882, there were 1 cars that did not get parking
At time 883, there were 1 cars that did not get parking
At time 884, there were 1 cars that did not get parking
At time 885, there were 1 cars that did not get parking
At time 886, there were 1 cars that did not get parking
At time 887, there were 1 cars that did not get parking
At time 888, there were 1 cars that did not get parking
At time 889, there were 1 cars that did not get parking
At time 890, there were 1 cars that did not get parking
At time 891, there were 1 cars that did not get parking
At time 892, there were 1 cars that did not get parking
At time 893, there were 1 cars that did not get parking
At time 894, there were 1 cars that did not get parking
At time 895, there were 1 cars that did not get parking
At time 896, there were 1 cars that did not get parking
At time 897, there were 1 cars that did not get parking
At time 898, there were 1 cars that did not get parking
At time 899, there were 1 cars that did not get parking
At time 900, there were 1 cars that did not get parking
At time 901, there were 1 cars that did not get parking
At time 902, there were 1 cars that did not get parking
At time 903, there were 1 cars that did not get parking
At time 904, there were 1 cars that did not get parking
At time 905, there were 1 cars that did not get parking
At time 906, there were 1 cars that did not get parking
At time 907, there were 1 cars that did not get parking
At time 908, there were 1 cars that did not get parking
At time 909, there were 1 cars that did not get parking
At time 910, there were 1 cars that did not get parking
At time 911, there were 1 cars that did not get parking
At time 912, there were 1 cars that did not get parking
At time 913, there were 1 cars that did not get parking
At time 914, there were 1 cars that did not get parking
At time 915, there were 1 cars that did not get parking
At time 916, there were 1 cars that did not get parking
At time 917, there were 1 cars that did not get parking
At time 918, there were 1 cars that did not get parking
At time 919, there were 1 cars that did not get parking
At time 920, there were 1 cars that did not get parking
At time 921, there were 1 cars that did not get parking
At time 922, there were 1 cars that did not get parking
At time 923, there were 1 cars that did not get parking
At time 924, there were 1 cars that did not get parking
At time 925, there were 1 cars that did not get parking
At time 926, there were 1 cars that did not get parking
At time 927, there were 1 cars that did not get parking
At time 928, there were 1 cars that did not get parking
At time 929, there were 1 cars that did not get parking
At time 930, there were 1 cars that did not get parking
At time 931, there were 1 cars that did not get parking
At time 932, there were 1 cars that did not get parking
At time 933, there were 1 cars that did not get parking
At time 934, there were 1 cars that did not get parking
At time 935, there were 1 cars that did not get parking
At time 936, there were 1 cars that did not get parking
At time 937, there were 1 cars that did not get parking
At time 938, there were 1 cars that did not get parking
At time 939, there were 1 cars that did not get parking
At time 940, there were 1 cars that did not get parking
At time 941, there were 1 cars that did not get parking
At time 942, there were 1 cars that did not get parking
At time 943, there were 1 cars that did not get parking
At time 944, there were 1 cars that did not get parking
At time 945, there were 1 cars that did not get parking
At time 946, there were 1 cars that did not get parking
At time 947, there were 1 cars that did not get parking
At time 948, there were 1 cars that did not get parking
At time 949, there were 1 cars that did not get parking
At time 950, there were 1 cars that did not get parking
At time 951, there were 1 cars that did not get parking
At time 952, there were 1 cars that did not get parking
At time 953, there were 1 cars that did not get parking
At time 954, there were 1 cars that did not get parking
At time 955, there were 1 cars that did not get parking
At time 956, there were 1 cars that did not get parking
At time 957, there were 1 cars that did not get parking
At time 958, there were 1 cars that did not get parking
At time 959, there were 1 cars that did not get parking
At time 960, there were 1 cars that did not get parking
At time 961, there were 1 cars that did not get parking
At time 962, there were 1 cars that did not get parking
At time 963, there were 1 cars that did not get parking
At time 964, there were 1 cars that did not get parking
At time 965, there were 1 cars that did not get parking
At time 966, there were 1 cars that did not get parking
At time 967, there were 1 cars that did not get parking
At time 968, there were 1 cars that did not get parking
At time 969, there were 1 cars that did not get parking
At time 970, there were 1 cars that did not get parking
At time 971, there were 1 cars that did not get parking
At time 972, there were 1 cars that did not get parking
At time 973, there were 1 cars that did not get parking
At time 974, there were 1 cars that did not get parking
At time 975, there were 1 cars that did not get parking
At time 976, there were 1 cars that did not get parking
At time 977, there were 1 cars that did not get parking
At time 978, there were 1 cars that did not get parking
At time 979, there were 1 cars that did not get parking
At time 980, there were 1 cars that did not get parking
At time 981, there were 1 cars that did not get parking
At time 982, there were 1 cars that did not get parking
At time 983, there were 1 cars that did not get parking
At time 984, there were 1 cars that did not get parking
At time 985, there were 1 cars that did not get parking
At time 986, there were 1 cars that did not get parking
At time 987, there were 1 cars that did not get parking
At time 988, there were 1 cars that did not get parking
At time 989, there were 1 cars that did not get parking
At time 990, there were 1 cars that did not get parking
At time 991, there were 1 cars that did not get parking
At time 992, there were 1 cars that did not get parking
At time 993, there were 1 cars that did not get parking
At time 994, there were 1 cars that did not get parking
At time 995, there were 1 cars that did not get parking
At time 996, there were 1 cars that did not get parking
At time 997, there were 1 cars that did not get parking
At time 998, there were 1 cars that did not get parking
At time 999, there were 1 cars that did not get parking
At time 1000, there were 1 cars that did not get parking
At time 1001, there were 1 cars that did not get parking
At time 1002, there were 1 cars that did not get parking
At time 1003, there were 1 cars that did not get parking
At time 1004, there were 1 cars that did not get parking
At time 1005, there were 1 cars that did not get parking
At time 1006, there were 1 cars that did not get parking
At time 1007, there were 1 cars that did not get parking
At time 1008, there were 1 cars that did not get parking
At time 1009, there were 1 cars that did not get parking
At time 1010, there were 1 cars that did not get parking
At time 1011, there were 1 cars that did not get parking
At time 1012, there were 1 cars that did not get parking
At time 1013, there were 1 cars that did not get parking
At time 1014, there were 1 cars that did not get parking
At time 1015, there were 1 cars that did not get parking
At time 1016, there were 1 cars that did not get parking
At time 1017, there were 1 cars that did not get parking
At time 1018, there were 1 cars that did not get parking
At time 1019, there were 1 cars that did not get parking
At time 1020, there were 1 cars that did not get parking
At time 1021, there were 1 cars that did not get parking
At time 1022, there were 1 cars that did not get parking
At time 1023, there were 1 cars that did not get parking
At time 1024, there were 1 cars that did not get parking
At time 1025, there were 1 cars that did not get parking
At time 1026, there were 1 cars that did not get parking
At time 1027, there were 1 cars that did not get parking
At time 1028, there were 1 cars that did not get parking
At time 1029, there were 1 cars that did not get parking
At time 1030, there were 1 cars that did not get parking
At time 1031, there were 1 cars that did not get parking
At time 1032, there were 1 cars that did not get parking
At time 1033, there were 1 cars that did not get parking
At time 1034, there were 1 cars that did not get parking
At time 1035, there were 1 cars that did not get parking
At time 1036, there were 1 cars that did not get parking
At time 1037, there were 1 cars that did not get parking
At time 1038, there were 1 cars that did not get parking
At time 1039, there were 1 cars that did not get parking
At time 1040, there were 1 cars that did not get parking
At time 1041, there were 1 cars that did not get parking
At time 1042, there were 1 cars that did not get parking
At time 1043, there were 1 cars that did not get parking
At time 1044, there were 1 cars that did not get parking
At time 1045, there were 1 cars that did not get parking
At time 1046, there were 1 cars that did not get parking
At time 1047, there were 1 cars that did not get parking
At time 1048, there were 1 cars that did not get parking
At time 1049, there were 1 cars that did not get parking
At time 1050, there were 1 cars that did not get parking
At time 1051, there were 1 cars that did not get parking
At time 1052, there were 1 cars that did not get parking
At time 1053, there were 1 cars that did not get parking
At time 1054, there were 1 cars that did not get parking
At time 1055, there were 1 cars that did not get parking
At time 1056, there were 1 cars that did not get parking
At time 1057, there were 1 cars that did not get parking
At time 1058, there were 1 cars that did not get parking
At time 1059, there were 1 cars that did not get parking
At time 1060, there were 1 cars that did not get parking
At time 1061, there were 1 cars that did not get parking
At time 1062, there were 1 cars that did not get parking
At time 1063, there were 1 cars that did not get parking
At time 1064, there were 1 cars that did not get parking
At time 1065, there were 1 cars that did not get parking
At time 1066, there were 1 cars that did not get parking
At time 1067, there were 1 cars that did not get parking
At time 1068, there were 1 cars that did not get parking
At time 1069, there were 1 cars that did not get parking
At time 1070, there were 1 cars that did not get parking
At time 1071, there were 1 cars that did not get parking
At time 1072, there were 1 cars that did not get parking
At time 1073, there were 1 cars that did not get parking
At time 1074, there were 1 cars that did not get parking
At time 1075, there were 1 cars that did not get parking
At time 1076, there were 1 cars that did not get parking
At time 1077, there were 1 cars that did not get parking
At time 1078, there were 1 cars that did not get parking
At time 1079, there were 1 cars that did not get parking
At time 1080, there were 1 cars that did not get parking
At time 1081, there were 1 cars that did not get parking
At time 1082, there were 1 cars that did not get parking
At time 1083, there were 1 cars that did not get parking
At time 1084, there were 1 cars that did not get parking
At time 1085, there were 1 cars that did not get parking
At time 1086, there were 1 cars that did not get parking
At time 1087, there were 1 cars that did not get parking
At time 1088, there were 1 cars that did not get parking
At time 1089, there were 1 cars that did not get parking
At time 1090, there were 1 cars that did not get parking
At time 1091, there were 1 cars that did not get parking
At time 1092, there were 1 cars that did not get parking
At time 1093, there were 1 cars that did not get parking
At time 1094, there were 1 cars that did not get parking
At time 1095, there were 1 cars that did not get parking
At time 1096, there were 1 cars that did not get parking
At time 1097, there were 1 cars that did not get parking
At time 1098, there were 1 cars that did not get parking
At time 1099, there were 1 cars that did not get parking
At time 1100, there were 1 cars that did not get parking
At time 1101, there were 1 cars that did not get parking
At time 1102, there were 1 cars that did not get parking
At time 1103, there were 1 cars that did not get parking
At time 1104, there were 1 cars that did not get parking
At time 1105, there were 1 cars that did not get parking
At time 1106, there were 1 cars that did not get parking
At time 1107, there were 1 cars that did not get parking
At time 1108, there were 1 cars that did not get parking
At time 1109, there were 1 cars that did not get parking
At time 1110, there were 1 cars that did not get parking
At time 1111, there were 1 cars that did not get parking
At time 1112, there were 1 cars that did not get parking
At time 1113, there were 1 cars that did not get parking
At time 1114, there were 1 cars that did not get parking
At time 1115, there were 1 cars that did not get parking
At time 1116, there were 1 cars that did not get parking
At time 1117, there were 1 cars that did not get parking
At time 1118, there were 1 cars that did not get parking
At time 1119, there were 1 cars that did not get parking
At time 1120, there were 1 cars that did not get parking
At time 1121, there were 1 cars that did not get parking
At time 1122, there were 1 cars that did not get parking
At time 1123, there were 1 cars that did not get parking
At time 1124, there were 1 cars that did not get parking
At time 1125, there were 1 cars that did not get parking
At time 1126, there were 1 cars that did not get parking
At time 1127, there were 1 cars that did not get parking
At time 1128, there were 1 cars that did not get parking
At time 1129, there were 1 cars that did not get parking
At time 1130, there were 1 cars that did not get parking
At time 1131, there were 1 cars that did not get parking
At time 1132, there were 1 cars that did not get parking
At time 1133, there were 1 cars that did not get parking
At time 1134, there were 1 cars that did not get parking
At time 1135, there were 1 cars that did not get parking
At time 1136, there were 1 cars that did not get parking
At time 1137, there were 1 cars that did not get parking
At time 1138, there were 1 cars that did not get parking
At time 1139, there were 1 cars that did not get parking
At time 1140, there were 1 cars that did not get parking
At time 1141, there were 1 cars that did not get parking
At time 1142, there were 1 cars that did not get parking
At time 1143, there were 1 cars that did not get parking
At time 1144, there were 1 cars that did not get parking
At time 1145, there were 1 cars that did not get parking
At time 1146, there were 1 cars that did not get parking
At time 1147, there were 1 cars that did not get parking
At time 1148, there were 1 cars that did not get parking
At time 1149, there were 1 cars that did not get parking
At time 1150, there were 1 cars that did not get parking
At time 1151, there were 1 cars that did not get parking
At time 1152, there were 1 cars that did not get parking
At time 1153, there were 1 cars that did not get parking
At time 1154, there were 1 cars that did not get parking
At time 1155, there were 1 cars that did not get parking
At time 1156, there were 1 cars that did not get parking
At time 1157, there were 1 cars that did not get parking
At time 1158, there were 1 cars that did not get parking
At time 1159, there were 1 cars that did not get parking
At time 1160, there were 1 cars that did not get parking
At time 1161, there were 1 cars that did not get parking
At time 1162, there were 1 cars that did not get parking
At time 1163, there were 1 cars that did not get parking
At time 1164, there were 1 cars that did not get parking
At time 1165, there were 1 cars that did not get parking
At time 1166, there were 1 cars that did not get parking
At time 1167, there were 1 cars that did not get parking
At time 1168, there were 1 cars that did not get parking
At time 1169, there were 1 cars that did not get parking
At time 1170, there were 1 cars that did not get parking
At time 1171, there were 1 cars that did not get parking
At time 1172, there were 1 cars that did not get parking
At time 1173, there were 1 cars that did not get parking
At time 1174, there were 1 cars that did not get parking
At time 1175, there were 1 cars that did not get parking
At time 1176, there were 1 cars that did not get parking
At time 1177, there were 1 cars that did not get parking
At time 1178, there were 1 cars that did not get parking
At time 1179, there were 1 cars that did not get parking
At time 1180, there were 1 cars that did not get parking
At time 1181, there were 1 cars that did not get parking
At time 1182, there were 1 cars that did not get parking
At time 1183, there were 1 cars that did not get parking
At time 1184, there were 1 cars that did not get parking
At time 1185, there were 1 cars that did not get parking
At time 1186, there were 1 cars that did not get parking
At time 1187, there were 1 cars that did not get parking
At time 1188, there were 1 cars that did not get parking
At time 1189, there were 1 cars that did not get parking
At time 1190, there were 1 cars that did not get parking
At time 1191, there were 1 cars that did not get parking
At time 1192, there were 1 cars that did not get parking
At time 1193, there were 1 cars that did not get parking
At time 1194, there were 1 cars that did not get parking
At time 1195, there were 1 cars that did not get parking
At time 1196, there were 1 cars that did not get parking
At time 1197, there were 1 cars that did not get parking
At time 1198, there were 1 cars that did not get parking
At time 1199, there were 1 cars that did not get parking
At time 1200, there were 1 cars that did not get parking
At time 1201, there were 1 cars that did not get parking
At time 1202, there were 1 cars that did not get parking
At time 1203, there were 1 cars that did not get parking
At time 1204, there were 1 cars that did not get parking
At time 1205, there were 1 cars that did not get parking
At time 1206, there were 1 cars that did not get parking
At time 1207, there were 1 cars that did not get parking
At time 1208, there were 1 cars that did not get parking
At time 1209, there were 1 cars that did not get parking
At time 1210, there were 1 cars that did not get parking
At time 1211, there were 1 cars that did not get parking
At time 1212, there were 1 cars that did not get parking
At time 1213, there were 1 cars that did not get parking
At time 1214, there were 1 cars that did not get parking
At time 1215, there were 1 cars that did not get parking
At time 1216, there were 1 cars that did not get parking
At time 1217, there were 1 cars that did not get parking
At time 1218, there were 1 cars that did not get parking
At time 1219, there were 1 cars that did not get parking
At time 1220, there were 1 cars that did not get parking
At time 1221, there were 1 cars that did not get parking
At time 1222, there were 1 cars that did not get parking
At time 1223, there were 1 cars that did not get parking
At time 1224, there were 1 cars that did not get parking
At time 1225, there were 1 cars that did not get parking
At time 1226, there were 1 cars that did not get parking
At time 1227, there were 1 cars that did not get parking
At time 1228, there were 1 cars that did not get parking
At time 1229, there were 1 cars that did not get parking
At time 1230, there were 1 cars that did not get parking
At time 1231, there were 1 cars that did not get parking
At time 1232, there were 1 cars that did not get parking
At time 1233, there were 1 cars that did not get parking
At time 1234, there were 1 cars that did not get parking
At time 1235, there were 1 cars that did not get parking
At time 1236, there were 1 cars that did not get parking
At time 1237, there were 1 cars that did not get parking
At time 1238, there were 1 cars that did not get parking
At time 1239, there were 1 cars that did not get parking
At time 1240, there were 1 cars that did not get parking
At time 1241, there were 1 cars that did not get parking
At time 1242, there were 1 cars that did not get parking
At time 1243, there were 1 cars that did not get parking
At time 1244, there were 1 cars that did not get parking
At time 1245, there were 1 cars that did not get parking
At time 1246, there were 1 cars that did not get parking
At time 1247, there were 1 cars that did not get parking
At time 1248, there were 1 cars that did not get parking
At time 1249, there were 1 cars that did not get parking
At time 1250, there were 1 cars that did not get parking
At time 1251, there were 1 cars that did not get parking
At time 1252, there were 1 cars that did not get parking
At time 1253, there were 1 cars that did not get parking
At time 1254, there were 1 cars that did not get parking
At time 1255, there were 1 cars that did not get parking
At time 1256, there were 1 cars that did not get parking
At time 1257, there were 1 cars that did not get parking
At time 1258, there were 1 cars that did not get parking
At time 1259, there were 1 cars that did not get parking
At time 1260, there were 1 cars that did not get parking
At time 1261, there were 1 cars that did not get parking
At time 1262, there were 1 cars that did not get parking
At time 1263, there were 1 cars that did not get parking
At time 1264, there were 1 cars that did not get parking
At time 1265, there were 1 cars that did not get parking
At time 1266, there were 1 cars that did not get parking
At time 1267, there were 1 cars that did not get parking
At time 1268, there were 1 cars that did not get parking
At time 1269, there were 1 cars that did not get parking
At time 1270, there were 1 cars that did not get parking
At time 1271, there were 1 cars that did not get parking
At time 1272, there were 1 cars that did not get parking
At time 1273, there were 1 cars that did not get parking
At time 1274, there were 1 cars that did not get parking
At time 1275, there were 1 cars that did not get parking
At time 1276, there were 1 cars that did not get parking
At time 1277, there were 1 cars that did not get parking
At time 1278, there were 1 cars that did not get parking
At time 1279, there were 1 cars that did not get parking
At time 1280, there were 1 cars that did not get parking
At time 1281, there were 1 cars that did not get parking
At time 1282, there were 1 cars that did not get parking
At time 1283, there were 1 cars that did not get parking
At time 1284, there were 1 cars that did not get parking
At time 1285, there were 1 cars that did not get parking
At time 1286, there were 1 cars that did not get parking
At time 1287, there were 1 cars that did not get parking
At time 1288, there were 1 cars that did not get parking
At time 1289, there were 1 cars that did not get parking
At time 1290, there were 1 cars that did not get parking
At time 1291, there were 1 cars that did not get parking
At time 1292, there were 1 cars that did not get parking
At time 1293, there were 1 cars that did not get parking
At time 1294, there were 1 cars that did not get parking
At time 1295, there were 1 cars that did not get parking
At time 1296, there were 1 cars that did not get parking
At time 1297, there were 1 cars that did not get parking
At time 1298, there were 1 cars that did not get parking
At time 1299, there were 1 cars that did not get parking
At time 1300, there were 1 cars that did not get parking
At time 1301, there were 1 cars that did not get parking
At time 1302, there were 1 cars that did not get parking
At time 1303, there were 1 cars that did not get parking
At time 1304, there were 1 cars that did not get parking
At time 1305, there were 1 cars that did not get parking
At time 1306, there were 1 cars that did not get parking
At time 1307, there were 1 cars that did not get parking
At time 1308, there were 1 cars that did not get parking
At time 1309, there were 1 cars that did not get parking
At time 1310, there were 1 cars that did not get parking
At time 1311, there were 1 cars that did not get parking
At time 1312, there were 1 cars that did not get parking
At time 1313, there were 1 cars that did not get parking
At time 1314, there were 1 cars that did not get parking
At time 1315, there were 1 cars that did not get parking
At time 1316, there were 1 cars that did not get parking
At time 1317, there were 1 cars that did not get parking
At time 1318, there were 1 cars that did not get parking
At time 1319, there were 1 cars that did not get parking
At time 1320, there were 1 cars that did not get parking
At time 1321, there were 1 cars that did not get parking
At time 1322, there were 1 cars that did not get parking
At time 1323, there were 1 cars that did not get parking
At time 1324, there were 1 cars that did not get parking
At time 1325, there were 1 cars that did not get parking
At time 1326, there were 1 cars that did not get parking
At time 1327, there were 1 cars that did not get parking
At time 1328, there were 1 cars that did not get parking
At time 1329, there were 1 cars that did not get parking
At time 1330, there were 1 cars that did not get parking
At time 1331, there were 1 cars that did not get parking
At time 1332, there were 1 cars that did not get parking
At time 1333, there were 1 cars that did not get parking
At time 1334, there were 1 cars that did not get parking
At time 1335, there were 1 cars that did not get parking
At time 1336, there were 1 cars that did not get parking
At time 1337, there were 1 cars that did not get parking
At time 1338, there were 1 cars that did not get parking
At time 1339, there were 1 cars that did not get parking
At time 1340, there were 1 cars that did not get parking
At time 1341, there were 1 cars that did not get parking
At time 1342, there were 1 cars that did not get parking
At time 1343, there were 1 cars that did not get parking
At time 1344, there were 1 cars that did not get parking
At time 1345, there were 1 cars that did not get parking
At time 1346, there were 1 cars that did not get parking
At time 1347, there were 1 cars that did not get parking
At time 1348, there were 1 cars that did not get parking
At time 1349, there were 1 cars that did not get parking
At time 1350, there were 1 cars that did not get parking
At time 1351, there were 1 cars that did not get parking
At time 1352, there were 1 cars that did not get parking
At time 1353, there were 1 cars that did not get parking
At time 1354, there were 1 cars that did not get parking
At time 1355, there were 1 cars that did not get parking
At time 1356, there were 1 cars that did not get parking
At time 1357, there were 1 cars that did not get parking
At time 1358, there were 1 cars that did not get parking
At time 1359, there were 1 cars that did not get parking
At time 1360, there were 1 cars that did not get parking
At time 1361, there were 1 cars that did not get parking
At time 1362, there were 1 cars that did not get parking
At time 1363, there were 1 cars that did not get parking
At time 1364, there were 1 cars that did not get parking
At time 1365, there were 1 cars that did not get parking
At time 1366, there were 1 cars that did not get parking
At time 1367, there were 1 cars that did not get parking
At time 1368, there were 1 cars that did not get parking
At time 1369, there were 1 cars that did not get parking
At time 1370, there were 1 cars that did not get parking
At time 1371, there were 1 cars that did not get parking
At time 1372, there were 1 cars that did not get parking
At time 1373, there were 1 cars that did not get parking
At time 1374, there were 1 cars that did not get parking
At time 1375, there were 1 cars that did not get parking
At time 1376, there were 1 cars that did not get parking
At time 1377, there were 1 cars that did not get parking
At time 1378, there were 1 cars that did not get parking
At time 1379, there were 1 cars that did not get parking
At time 1380, there were 1 cars that did not get parking
At time 1381, there were 1 cars that did not get parking
At time 1382, there were 1 cars that did not get parking
At time 1383, there were 1 cars that did not get parking
At time 1384, there were 1 cars that did not get parking
At time 1385, there were 1 cars that did not get parking
At time 1386, there were 1 cars that did not get parking
At time 1387, there were 1 cars that did not get parking
At time 1388, there were 1 cars that did not get parking
At time 1389, there were 1 cars that did not get parking
At time 1390, there were 1 cars that did not get parking
At time 1391, there were 1 cars that did not get parking
At time 1392, there were 1 cars that did not get parking
At time 1393, there were 1 cars that did not get parking
At time 1394, there were 1 cars that did not get parking
At time 1395, there were 1 cars that did not get parking
At time 1396, there were 1 cars that did not get parking
At time 1397, there were 1 cars that did not get parking
At time 1398, there were 1 cars that did not get parking
At time 1399, there were 1 cars that did not get parking
At time 1400, there were 1 cars that did not get parking
At time 1401, there were 1 cars that did not get parking
At time 1402, there were 1 cars that did not get parking
At time 1403, there were 1 cars that did not get parking
At time 1404, there were 1 cars that did not get parking
At time 1405, there were 1 cars that did not get parking
At time 1406, there were 1 cars that did not get parking
At time 1407, there were 1 cars that did not get parking
At time 1408, there were 1 cars that did not get parking
At time 1409, there were 1 cars that did not get parking
At time 1410, there were 1 cars that did not get parking
At time 1411, there were 1 cars that did not get parking
At time 1412, there were 1 cars that did not get parking
At time 1413, there were 1 cars that did not get parking
At time 1414, there were 1 cars that did not get parking
At time 1415, there were 1 cars that did not get parking
At time 1416, there were 1 cars that did not get parking
At time 1417, there were 1 cars that did not get parking
At time 1418, there were 1 cars that did not get parking
At time 1419, there were 1 cars that did not get parking
At time 1420, there were 1 cars that did not get parking
At time 1421, there were 1 cars that did not get parking
At time 1422, there were 1 cars that did not get parking
At time 1423, there were 1 cars that did not get parking
At time 1424, there were 1 cars that did not get parking
At time 1425, there were 1 cars that did not get parking
At time 1426, there were 1 cars that did not get parking
At time 1427, there were 1 cars that did not get parking
At time 1428, there were 1 cars that did not get parking
At time 1429, there were 1 cars that did not get parking
At time 1430, there were 1 cars that did not get parking
At time 1431, there were 1 cars that did not get parking
At time 1432, there were 1 cars that did not get parking
At time 1433, there were 1 cars that did not get parking
At time 1434, there were 1 cars that did not get parking
At time 1435, there were 1 cars that did not get parking
At time 1436, there were 1 cars that did not get parking
At time 1437, there were 1 cars that did not get parking
At time 1438, there were 1 cars that did not get parking
At time 1439, there were 1 cars that did not get parking
At time 1440, there were 1 cars that did not get parking
At time 1441, there were 1 cars that did not get parking
At time 1442, there were 1 cars that did not get parking
At time 1443, there were 1 cars that did not get parking
At time 1444, there were 1 cars that did not get parking
At time 1445, there were 1 cars that did not get parking
At time 1446, there were 1 cars that did not get parking
At time 1447, there were 1 cars that did not get parking
At time 1448, there were 1 cars that did not get parking
At time 1449, there were 1 cars that did not get parking
At time 1450, there were 1 cars that did not get parking
At time 1451, there were 1 cars that did not get parking
At time 1452, there were 1 cars that did not get parking
At time 1453, there were 1 cars that did not get parking
At time 1454, there were 1 cars that did not get parking
At time 1455, there were 1 cars that did not get parking
At time 1456, there were 1 cars that did not get parking
At time 1457, there were 1 cars that did not get parking
At time 1458, there were 1 cars that did not get parking
At time 1459, there were 1 cars that did not get parking
At time 1460, there were 1 cars that did not get parking
At time 1461, there were 1 cars that did not get parking
At time 1462, there were 1 cars that did not get parking
At time 1463, there were 1 cars that did not get parking
At time 1464, there were 1 cars that did not get parking
At time 1465, there were 1 cars that did not get parking
At time 1466, there were 1 cars that did not get parking
At time 1467, there were 1 cars that did not get parking
At time 1468, there were 1 cars that did not get parking
At time 1469, there were 1 cars that did not get parking
At time 1470, there were 1 cars that did not get parking
At time 1471, there were 1 cars that did not get parking
At time 1472, there were 1 cars that did not get parking
At time 1473, there were 1 cars that did not get parking
At time 1474, there were 1 cars that did not get parking
At time 1475, there were 1 cars that did not get parking
At time 1476, there were 1 cars that did not get parking
At time 1477, there were 1 cars that did not get parking
At time 1478, there were 1 cars that did not get parking
At time 1479, there were 1 cars that did not get parking
At time 1480, there were 1 cars that did not get parking
At time 1481, there were 1 cars that did not get parking
At time 1482, there were 1 cars that did not get parking
At time 1483, there were 1 cars that did not get parking
At time 1484, there were 1 cars that did not get parking
At time 1485, there were 1 cars that did not get parking
At time 1486, there were 1 cars that did not get parking
At time 1487, there were 1 cars that did not get parking
At time 1488, there were 1 cars that did not get parking
At time 1489, there were 1 cars that did not get parking
At time 1490, there were 1 cars that did not get parking
At time 1491, there were 1 cars that did not get parking
At time 1492, there were 1 cars that did not get parking
At time 1493, there were 1 cars that did not get parking
At time 1494, there were 1 cars that did not get parking
At time 1495, there were 1 cars that did not get parking
At time 1496, there were 1 cars that did not get parking
At time 1497, there were 1 cars that did not get parking
At time 1498, there were 1 cars that did not get parking
At time 1499, there were 1 cars that did not get parking
At time 1500, there were 1 cars that did not get parking
At time 1501, there were 1 cars that did not get parking
At time 1502, there were 1 cars that did not get parking
At time 1503, there were 1 cars that did not get parking
At time 1504, there were 1 cars that did not get parking
At time 1505, there were 1 cars that did not get parking
At time 1506, there were 1 cars that did not get parking
At time 1507, there were 1 cars that did not get parking
At time 1508, there were 1 cars that did not get parking
At time 1509, there were 1 cars that did not get parking
At time 1510, there were 1 cars that did not get parking
At time 1511, there were 1 cars that did not get parking
At time 1512, there were 1 cars that did not get parking
At time 1513, there were 1 cars that did not get parking
At time 1514, there were 1 cars that did not get parking
At time 1515, there were 1 cars that did not get parking
At time 1516, there were 1 cars that did not get parking
At time 1517, there were 1 cars that did not get parking
At time 1518, there were 1 cars that did not get parking
At time 1519, there were 1 cars that did not get parking
At time 1520, there were 1 cars that did not get parking
At time 1521, there were 1 cars that did not get parking
At time 1522, there were 1 cars that did not get parking
At time 1523, there were 1 cars that did not get parking
At time 1524, there were 1 cars that did not get parking
At time 1525, there were 1 cars that did not get parking
At time 1526, there were 1 cars that did not get parking
At time 1527, there were 1 cars that did not get parking
At time 1528, there were 1 cars that did not get parking
At time 1529, there were 1 cars that did not get parking
At time 1530, there were 1 cars that did not get parking
At time 1531, there were 1 cars that did not get parking
At time 1532, there were 1 cars that did not get parking
At time 1533, there were 1 cars that did not get parking
At time 1534, there were 1 cars that did not get parking
At time 1535, there were 1 cars that did not get parking
At time 1536, there were 1 cars that did not get parking
At time 1537, there were 1 cars that did not get parking
At time 1538, there were 1 cars that did not get parking
At time 1539, there were 1 cars that did not get parking
At time 1540, there were 1 cars that did not get parking
At time 1541, there were 1 cars that did not get parking
At time 1542, there were 1 cars that did not get parking
At time 1543, there were 1 cars that did not get parking
At time 1544, there were 1 cars that did not get parking
At time 1545, there were 1 cars that did not get parking
At time 1546, there were 1 cars that did not get parking
At time 1547, there were 1 cars that did not get parking
At time 1548, there were 1 cars that did not get parking
At time 1549, there were 1 cars that did not get parking
At time 1550, there were 1 cars that did not get parking
At time 1551, there were 1 cars that did not get parking
At time 1552, there were 1 cars that did not get parking
At time 1553, there were 1 cars that did not get parking
At time 1554, there were 1 cars that did not get parking
At time 1555, there were 1 cars that did not get parking
At time 1556, there were 1 cars that did not get parking
At time 1557, there were 1 cars that did not get parking
At time 1558, there were 1 cars that did not get parking
At time 1559, there were 1 cars that did not get parking
At time 1560, there were 1 cars that did not get parking
At time 1561, there were 1 cars that did not get parking
At time 1562, there were 1 cars that did not get parking
At time 1563, there were 1 cars that did not get parking
At time 1564, there were 1 cars that did not get parking
At time 1565, there were 1 cars that did not get parking
At time 1566, there were 1 cars that did not get parking
At time 1567, there were 1 cars that did not get parking
At time 1568, there were 1 cars that did not get parking
At time 1569, there were 1 cars that did not get parking
At time 1570, there were 1 cars that did not get parking
At time 1571, there were 1 cars that did not get parking
At time 1572, there were 1 cars that did not get parking
At time 1573, there were 1 cars that did not get parking
At time 1574, there were 1 cars that did not get parking
At time 1575, there were 1 cars that did not get parking
At time 1576, there were 1 cars that did not get parking
At time 1577, there were 1 cars that did not get parking
At time 1578, there were 1 cars that did not get parking
At time 1579, there were 1 cars that did not get parking
At time 1580, there were 1 cars that did not get parking
At time 1581, there were 1 cars that did not get parking
At time 1582, there were 1 cars that did not get parking
At time 1583, there were 1 cars that did not get parking
At time 1584, there were 1 cars that did not get parking
At time 1585, there were 1 cars that did not get parking
At time 1586, there were 1 cars that did not get parking
At time 1587, there were 1 cars that did not get parking
At time 1588, there were 1 cars that did not get parking
At time 1589, there were 1 cars that did not get parking
At time 1590, there were 1 cars that did not get parking
At time 1591, there were 1 cars that did not get parking
At time 1592, there were 1 cars that did not get parking
At time 1593, there were 1 cars that did not get parking
At time 1594, there were 1 cars that did not get parking
At time 1595, there were 1 cars that did not get parking
At time 1596, there were 1 cars that did not get parking
At time 1597, there were 1 cars that did not get parking
At time 1598, there were 1 cars that did not get parking
At time 1599, there were 1 cars that did not get parking
At time 1600, there were 1 cars that did not get parking
At time 1601, there were 1 cars that did not get parking
At time 1602, there were 1 cars that did not get parking
At time 1603, there were 1 cars that did not get parking
At time 1604, there were 1 cars that did not get parking
At time 1605, there were 1 cars that did not get parking
At time 1606, there were 1 cars that did not get parking
At time 1607, there were 1 cars that did not get parking
At time 1608, there were 1 cars that did not get parking
At time 1609, there were 1 cars that did not get parking
At time 1610, there were 1 cars that did not get parking
At time 1611, there were 1 cars that did not get parking
At time 1612, there were 1 cars that did not get parking
At time 1613, there were 1 cars that did not get parking
At time 1614, there were 1 cars that did not get parking
At time 1615, there were 1 cars that did not get parking
At time 1616, there were 1 cars that did not get parking
At time 1617, there were 1 cars that did not get parking
At time 1618, there were 1 cars that did not get parking
At time 1619, there were 1 cars that did not get parking
At time 1620, there were 1 cars that did not get parking
At time 1621, there were 1 cars that did not get parking
At time 1622, there were 1 cars that did not get parking
At time 1623, there were 1 cars that did not get parking
At time 1624, there were 1 cars that did not get parking
At time 1625, there were 1 cars that did not get parking
At time 1626, there were 1 cars that did not get parking
At time 1627, there were 1 cars that did not get parking
At time 1628, there were 1 cars that did not get parking
At time 1629, there were 1 cars that did not get parking
At time 1630, there were 1 cars that did not get parking
At time 1631, there were 1 cars that did not get parking
At time 1632, there were 1 cars that did not get parking
At time 1633, there were 1 cars that did not get parking
At time 1634, there were 1 cars that did not get parking
At time 1635, there were 1 cars that did not get parking
At time 1636, there were 1 cars that did not get parking
At time 1637, there were 1 cars that did not get parking
At time 1638, there were 1 cars that did not get parking
At time 1639, there were 1 cars that did not get parking
At time 1640, there were 1 cars that did not get parking
At time 1641, there were 1 cars that did not get parking
At time 1642, there were 1 cars that did not get parking
At time 1643, there were 1 cars that did not get parking
At time 1644, there were 1 cars that did not get parking
At time 1645, there were 1 cars that did not get parking
At time 1646, there were 1 cars that did not get parking
At time 1647, there were 1 cars that did not get parking
At time 1648, there were 1 cars that did not get parking
At time 1649, there were 1 cars that did not get parking
At time 1650, there were 1 cars that did not get parking
At time 1651, there were 1 cars that did not get parking
At time 1652, there were 1 cars that did not get parking
At time 1653, there were 1 cars that did not get parking
At time 1654, there were 1 cars that did not get parking
At time 1655, there were 1 cars that did not get parking
At time 1656, there were 1 cars that did not get parking
At time 1657, there were 1 cars that did not get parking
At time 1658, there were 1 cars that did not get parking
At time 1659, there were 1 cars that did not get parking
At time 1660, there were 1 cars that did not get parking
At time 1661, there were 1 cars that did not get parking
At time 1662, there were 1 cars that did not get parking
At time 1663, there were 1 cars that did not get parking
At time 1664, there were 1 cars that did not get parking
At time 1665, there were 1 cars that did not get parking
At time 1666, there were 1 cars that did not get parking
At time 1667, there were 1 cars that did not get parking
At time 1668, there were 1 cars that did not get parking
At time 1669, there were 1 cars that did not get parking
At time 1670, there were 1 cars that did not get parking
At time 1671, there were 1 cars that did not get parking
At time 1672, there were 1 cars that did not get parking
At time 1673, there were 1 cars that did not get parking
At time 1674, there were 1 cars that did not get parking
At time 1675, there were 1 cars that did not get parking
At time 1676, there were 1 cars that did not get parking
At time 1677, there were 1 cars that did not get parking
At time 1678, there were 1 cars that did not get parking
At time 1679, there were 1 cars that did not get parking
At time 1680, there were 1 cars that did not get parking
At time 1681, there were 1 cars that did not get parking
At time 1682, there were 1 cars that did not get parking
At time 1683, there were 1 cars that did not get parking
At time 1684, there were 1 cars that did not get parking
At time 1685, there were 1 cars that did not get parking
At time 1686, there were 1 cars that did not get parking
At time 1687, there were 1 cars that did not get parking
At time 1688, there were 1 cars that did not get parking
At time 1689, there were 1 cars that did not get parking
At time 1690, there were 1 cars that did not get parking
At time 1691, there were 1 cars that did not get parking
At time 1692, there were 1 cars that did not get parking
At time 1693, there were 1 cars that did not get parking
At time 1694, there were 1 cars that did not get parking
At time 1695, there were 1 cars that did not get parking
At time 1696, there were 1 cars that did not get parking
At time 1697, there were 1 cars that did not get parking
At time 1698, there were 1 cars that did not get parking
At time 1699, there were 1 cars that did not get parking
At time 1700, there were 1 cars that did not get parking
At time 1701, there were 1 cars that did not get parking
At time 1702, there were 1 cars that did not get parking
At time 1703, there were 1 cars that did not get parking
At time 1704, there were 1 cars that did not get parking
At time 1705, there were 1 cars that did not get parking
At time 1706, there were 1 cars that did not get parking
At time 1707, there were 1 cars that did not get parking
At time 1708, there were 1 cars that did not get parking
At time 1709, there were 1 cars that did not get parking
At time 1710, there were 1 cars that did not get parking
At time 1711, there were 1 cars that did not get parking
At time 1712, there were 1 cars that did not get parking
At time 1713, there were 1 cars that did not get parking
At time 1714, there were 1 cars that did not get parking
At time 1715, there were 1 cars that did not get parking
At time 1716, there were 1 cars that did not get parking
At time 1717, there were 1 cars that did not get parking
At time 1718, there were 1 cars that did not get parking
At time 1719, there were 1 cars that did not get parking
At time 1720, there were 1 cars that did not get parking
At time 1721, there were 1 cars that did not get parking
At time 1722, there were 1 cars that did not get parking
At time 1723, there were 1 cars that did not get parking
At time 1724, there were 1 cars that did not get parking
At time 1725, there were 1 cars that did not get parking
At time 1726, there were 1 cars that did not get parking
At time 1727, there were 1 cars that did not get parking
At time 1728, there were 1 cars that did not get parking
At time 1729, there were 1 cars that did not get parking
At time 1730, there were 1 cars that did not get parking
At time 1731, there were 1 cars that did not get parking
At time 1732, there were 1 cars that did not get parking
At time 1733, there were 1 cars that did not get parking
At time 1734, there were 1 cars that did not get parking
At time 1735, there were 1 cars that did not get parking
At time 1736, there were 1 cars that did not get parking
At time 1737, there were 1 cars that did not get parking
At time 1738, there were 1 cars that did not get parking
At time 1739, there were 1 cars that did not get parking
At time 1740, there were 1 cars that did not get parking
At time 1741, there were 1 cars that did not get parking
At time 1742, there were 1 cars that did not get parking
At time 1743, there were 1 cars that did not get parking
At time 1744, there were 1 cars that did not get parking
At time 1745, there were 1 cars that did not get parking
At time 1746, there were 1 cars that did not get parking
At time 1747, there were 1 cars that did not get parking
At time 1748, there were 1 cars that did not get parking
At time 1749, there were 1 cars that did not get parking
At time 1750, there were 1 cars that did not get parking
At time 1751, there were 1 cars that did not get parking
At time 1752, there were 1 cars that did not get parking
At time 1753, there were 1 cars that did not get parking
At time 1754, there were 1 cars that did not get parking
At time 1755, there were 1 cars that did not get parking
At time 1756, there were 1 cars that did not get parking
At time 1757, there were 1 cars that did not get parking
At time 1758, there were 1 cars that did not get parking
At time 1759, there were 1 cars that did not get parking
At time 1760, there were 1 cars that did not get parking
At time 1761, there were 1 cars that did not get parking
At time 1762, there were 1 cars that did not get parking
At time 1763, there were 1 cars that did not get parking
At time 1764, there were 1 cars that did not get parking
At time 1765, there were 1 cars that did not get parking
At time 1766, there were 1 cars that did not get parking
At time 1767, there were 1 cars that did not get parking
At time 1768, there were 1 cars that did not get parking
At time 1769, there were 1 cars that did not get parking
At time 1770, there were 1 cars that did not get parking
At time 1771, there were 1 cars that did not get parking
At time 1772, there were 1 cars that did not get parking
At time 1773, there were 1 cars that did not get parking
At time 1774, there were 1 cars that did not get parking
At time 1775, there were 1 cars that did not get parking
At time 1776, there were 1 cars that did not get parking
At time 1777, there were 1 cars that did not get parking
At time 1778, there were 1 cars that did not get parking
At time 1779, there were 1 cars that did not get parking
At time 1780, there were 1 cars that did not get parking
At time 1781, there were 1 cars that did not get parking
At time 1782, there were 1 cars that did not get parking
At time 1783, there were 1 cars that did not get parking
At time 1784, there were 1 cars that did not get parking
At time 1785, there were 1 cars that did not get parking
At time 1786, there were 1 cars that did not get parking
At time 1787, there were 1 cars that did not get parking
At time 1788, there were 1 cars that did not get parking
At time 1789, there were 1 cars that did not get parking
At time 1790, there were 1 cars that did not get parking
At time 1791, there were 1 cars that did not get parking
At time 1792, there were 1 cars that did not get parking
At time 1793, there were 1 cars that did not get parking
At time 1794, there were 1 cars that did not get parking
At time 1795, there were 1 cars that did not get parking
At time 1796, there were 1 cars that did not get parking
At time 1797, there were 1 cars that did not get parking
At time 1798, there were 1 cars that did not get parking
At time 1799, there were 1 cars that did not get parking
At time 1800, there were 1 cars that did not get parking
At time 1801, there were 1 cars that did not get parking
At time 1802, there were 1 cars that did not get parking
At time 1803, there were 1 cars that did not get parking
At time 1804, there were 1 cars that did not get parking
At time 1805, there were 1 cars that did not get parking
At time 1806, there were 1 cars that did not get parking
At time 1807, there were 1 cars that did not get parking
At time 1808, there were 1 cars that did not get parking
At time 1809, there were 1 cars that did not get parking
At time 1810, there were 1 cars that did not get parking
At time 1811, there were 1 cars that did not get parking
At time 1812, there were 1 cars that did not get parking
At time 1813, there were 1 cars that did not get parking
At time 1814, there were 1 cars that did not get parking
At time 1815, there were 1 cars that did not get parking
At time 1816, there were 1 cars that did not get parking
At time 1817, there were 1 cars that did not get parking
At time 1818, there were 1 cars that did not get parking
At time 1819, there were 1 cars that did not get parking
At time 1820, there were 1 cars that did not get parking
At time 1821, there were 1 cars that did not get parking
At time 1822, there were 1 cars that did not get parking
At time 1823, there were 1 cars that did not get parking
At time 1824, there were 1 cars that did not get parking
At time 1825, there were 1 cars that did not get parking
At time 1826, there were 1 cars that did not get parking
At time 1827, there were 1 cars that did not get parking
At time 1828, there were 1 cars that did not get parking
At time 1829, there were 1 cars that did not get parking
At time 1830, there were 1 cars that did not get parking
At time 1831, there were 1 cars that did not get parking
At time 1832, there were 1 cars that did not get parking
At time 1833, there were 1 cars that did not get parking
At time 1834, there were 1 cars that did not get parking
At time 1835, there were 1 cars that did not get parking
At time 1836, there were 1 cars that did not get parking
At time 1837, there were 1 cars that did not get parking
At time 1838, there were 1 cars that did not get parking
At time 1839, there were 1 cars that did not get parking
At time 1840, there were 1 cars that did not get parking
At time 1841, there were 1 cars that did not get parking
At time 1842, there were 1 cars that did not get parking
At time 1843, there were 1 cars that did not get parking
At time 1844, there were 1 cars that did not get parking
At time 1845, there were 1 cars that did not get parking
At time 1846, there were 1 cars that did not get parking
At time 1847, there were 1 cars that did not get parking
At time 1848, there were 1 cars that did not get parking
At time 1849, there were 1 cars that did not get parking
At time 1850, there were 1 cars that did not get parking
At time 1851, there were 1 cars that did not get parking
At time 1852, there were 1 cars that did not get parking
At time 1853, there were 1 cars that did not get parking
At time 1854, there were 1 cars that did not get parking
At time 1855, there were 1 cars that did not get parking
At time 1856, there were 1 cars that did not get parking
At time 1857, there were 1 cars that did not get parking
At time 1858, there were 1 cars that did not get parking
At time 1859, there were 1 cars that did not get parking
At time 1860, there were 1 cars that did not get parking
At time 1861, there were 1 cars that did not get parking
At time 1862, there were 1 cars that did not get parking
At time 1863, there were 1 cars that did not get parking
At time 1864, there were 1 cars that did not get parking
At time 1865, there were 1 cars that did not get parking
At time 1866, there were 1 cars that did not get parking
At time 1867, there were 1 cars that did not get parking
At time 1868, there were 1 cars that did not get parking
At time 1869, there were 1 cars that did not get parking
At time 1870, there were 1 cars that did not get parking
At time 1871, there were 1 cars that did not get parking
At time 1872, there were 1 cars that did not get parking
At time 1873, there were 1 cars that did not get parking
At time 1874, there were 1 cars that did not get parking
At time 1875, there were 1 cars that did not get parking
At time 1876, there were 1 cars that did not get parking
At time 1877, there were 1 cars that did not get parking
At time 1878, there were 1 cars that did not get parking
At time 1879, there were 1 cars that did not get parking
At time 1880, there were 1 cars that did not get parking
At time 1881, there were 1 cars that did not get parking
At time 1882, there were 1 cars that did not get parking
At time 1883, there were 1 cars that did not get parking
At time 1884, there were 1 cars that did not get parking
At time 1885, there were 1 cars that did not get parking
At time 1886, there were 1 cars that did not get parking
At time 1887, there were 1 cars that did not get parking
At time 1888, there were 1 cars that did not get parking
At time 1889, there were 1 cars that did not get parking
At time 1890, there were 1 cars that did not get parking
At time 1891, there were 1 cars that did not get parking
At time 1892, there were 1 cars that did not get parking
At time 1893, there were 1 cars that did not get parking
At time 1894, there were 1 cars that did not get parking
At time 1895, there were 1 cars that did not get parking
At time 1896, there were 1 cars that did not get parking
At time 1897, there were 1 cars that did not get parking
At time 1898, there were 1 cars that did not get parking
At time 1899, there were 1 cars that did not get parking
At time 1900, there were 1 cars that did not get parking
At time 1901, there were 1 cars that did not get parking
At time 1902, there were 1 cars that did not get parking
At time 1903, there were 1 cars that did not get parking
At time 1904, there were 1 cars that did not get parking
At time 1905, there were 1 cars that did not get parking
At time 1906, there were 1 cars that did not get parking
At time 1907, there were 1 cars that did not get parking
At time 1908, there were 1 cars that did not get parking
At time 1909, there were 1 cars that did not get parking
At time 1910, there were 1 cars that did not get parking
At time 1911, there were 1 cars that did not get parking
At time 1912, there were 1 cars that did not get parking
At time 1913, there were 1 cars that did not get parking
At time 1914, there were 1 cars that did not get parking
At time 1915, there were 1 cars that did not get parking
At time 1916, there were 1 cars that did not get parking
At time 1917, there were 1 cars that did not get parking
At time 1918, there were 1 cars that did not get parking
At time 1919, there were 1 cars that did not get parking
At time 1920, there were 1 cars that did not get parking
At time 1921, there were 1 cars that did not get parking
At time 1922, there were 1 cars that did not get parking
At time 1923, there were 1 cars that did not get parking
At time 1924, there were 1 cars that did not get parking
At time 1925, there were 1 cars that did not get parking
At time 1926, there were 1 cars that did not get parking
At time 1927, there were 1 cars that did not get parking
At time 1928, there were 1 cars that did not get parking
At time 1929, there were 1 cars that did not get parking
At time 1930, there were 1 cars that did not get parking
At time 1931, there were 1 cars that did not get parking
At time 1932, there were 1 cars that did not get parking
At time 1933, there were 1 cars that did not get parking
At time 1934, there were 1 cars that did not get parking
At time 1935, there were 1 cars that did not get parking
At time 1936, there were 1 cars that did not get parking
At time 1937, there were 1 cars that did not get parking
At time 1938, there were 1 cars that did not get parking
At time 1939, there were 1 cars that did not get parking
At time 1940, there were 1 cars that did not get parking
At time 1941, there were 1 cars that did not get parking
At time 1942, there were 1 cars that did not get parking
At time 1943, there were 1 cars that did not get parking
At time 1944, there were 1 cars that did not get parking
At time 1945, there were 1 cars that did not get parking
At time 1946, there were 1 cars that did not get parking
At time 1947, there were 1 cars that did not get parking
At time 1948, there were 1 cars that did not get parking
At time 1949, there were 1 cars that did not get parking
At time 1950, there were 1 cars that did not get parking
At time 1951, there were 1 cars that did not get parking
At time 1952, there were 1 cars that did not get parking
At time 1953, there were 1 cars that did not get parking
At time 1954, there were 1 cars that did not get parking
At time 1955, there were 1 cars that did not get parking
At time 1956, there were 1 cars that did not get parking
At time 1957, there were 1 cars that did not get parking
At time 1958, there were 1 cars that did not get parking
At time 1959, there were 1 cars that did not get parking
At time 1960, there were 1 cars that did not get parking
At time 1961, there were 1 cars that did not get parking
At time 1962, there were 1 cars that did not get parking
At time 1963, there were 1 cars that did not get parking
At time 1964, there were 1 cars that did not get parking
At time 1965, there were 1 cars that did not get parking
At time 1966, there were 1 cars that did not get parking
At time 1967, there were 1 cars that did not get parking
At time 1968, there were 1 cars that did not get parking
At time 1969, there were 1 cars that did not get parking
At time 1970, there were 1 cars that did not get parking
At time 1971, there were 1 cars that did not get parking
At time 1972, there were 1 cars that did not get parking
At time 1973, there were 1 cars that did not get parking
At time 1974, there were 1 cars that did not get parking
At time 1975, there were 1 cars that did not get parking
At time 1976, there were 1 cars that did not get parking
At time 1977, there were 1 cars that did not get parking
At time 1978, there were 1 cars that did not get parking
At time 1979, there were 1 cars that did not get parking
At time 1980, there were 1 cars that did not get parking
At time 1981, there were 1 cars that did not get parking
At time 1982, there were 1 cars that did not get parking
At time 1983, there were 1 cars that did not get parking
At time 1984, there were 1 cars that did not get parking
At time 1985, there were 1 cars that did not get parking
At time 1986, there were 1 cars that did not get parking
At time 1987, there were 1 cars that did not get parking
At time 1988, there were 1 cars that did not get parking
At time 1989, there were 1 cars that did not get parking
At time 1990, there were 1 cars that did not get parking
At time 1991, there were 1 cars that did not get parking
At time 1992, there were 1 cars that did not get parking
At time 1993, there were 1 cars that did not get parking
At time 1994, there were 1 cars that did not get parking
At time 1995, there were 1 cars that did not get parking
At time 1996, there were 1 cars that did not get parking
At time 1997, there were 1 cars that did not get parking
At time 1998, there were 1 cars that did not get parking
At time 1999, there were 1 cars that did not get parking
At time 2000, there were 1 cars that did not get parking
At time 2001, there were 1 cars that did not get parking
At time 2002, there were 1 cars that did not get parking
At time 2003, there were 1 cars that did not get parking
At time 2004, there were 1 cars that did not get parking
At time 2005, there were 1 cars that did not get parking
At time 2006, there were 1 cars that did not get parking
At time 2007, there were 1 cars that did not get parking
At time 2008, there were 1 cars that did not get parking
At time 2009, there were 1 cars that did not get parking
At time 2010, there were 1 cars that did not get parking
At time 2011, there were 1 cars that did not get parking
At time 2012, there were 1 cars that did not get parking
At time 2013, there were 1 cars that did not get parking
At time 2014, there were 1 cars that did not get parking
At time 2015, there were 1 cars that did not get parking
At time 2016, there were 1 cars that did not get parking
At time 2017, there were 1 cars that did not get parking
At time 2018, there were 1 cars that did not get parking
At time 2019, there were 1 cars that did not get parking
At time 2020, there were 1 cars that did not get parking
At time 2021, there were 1 cars that did not get parking
At time 2022, there were 1 cars that did not get parking
At time 2023, there were 1 cars that did not get parking
At time 2024, there were 1 cars that did not get parking
At time 2025, there were 1 cars that did not get parking
At time 2026, there were 1 cars that did not get parking
At time 2027, there were 1 cars that did not get parking
At time 2028, there were 1 cars that did not get parking
At time 2029, there were 1 cars that did not get parking
At time 2030, there were 1 cars that did not get parking
At time 2031, there were 1 cars that did not get parking
At time 2032, there were 1 cars that did not get parking
At time 2033, there were 1 cars that did not get parking
At time 2034, there were 1 cars that did not get parking
At time 2035, there were 1 cars that did not get parking
At time 2036, there were 1 cars that did not get parking
At time 2037, there were 1 cars that did not get parking
At time 2038, there were 1 cars that did not get parking
At time 2039, there were 1 cars that did not get parking
At time 2040, there were 1 cars that did not get parking
At time 2041, there were 1 cars that did not get parking
At time 2042, there were 1 cars that did not get parking
At time 2043, there were 1 cars that did not get parking
At time 2044, there were 1 cars that did not get parking
At time 2045, there were 1 cars that did not get parking
At time 2046, there were 1 cars that did not get parking
At time 2047, there were 1 cars that did not get parking
At time 2048, there were 1 cars that did not get parking
At time 2049, there were 1 cars that did not get parking
At time 2050, there were 1 cars that did not get parking
At time 2051, there were 1 cars that did not get parking
At time 2052, there were 1 cars that did not get parking
At time 2053, there were 1 cars that did not get parking
At time 2054, there were 1 cars that did not get parking
At time 2055, there were 1 cars that did not get parking
At time 2056, there were 1 cars that did not get parking
At time 2057, there were 1 cars that did not get parking
At time 2058, there were 1 cars that did not get parking
At time 2059, there were 1 cars that did not get parking
At time 2060, there were 1 cars that did not get parking
At time 2061, there were 1 cars that did not get parking
At time 2062, there were 1 cars that did not get parking
At time 2063, there were 1 cars that did not get parking
At time 2064, there were 1 cars that did not get parking
At time 2065, there were 1 cars that did not get parking
At time 2066, there were 1 cars that did not get parking
At time 2067, there were 1 cars that did not get parking
At time 2068, there were 1 cars that did not get parking
At time 2069, there were 1 cars that did not get parking
At time 2070, there were 1 cars that did not get parking
At time 2071, there were 1 cars that did not get parking
At time 2072, there were 1 cars that did not get parking
At time 2073, there were 1 cars that did not get parking
At time 2074, there were 1 cars that did not get parking
At time 2075, there were 1 cars that did not get parking
At time 2076, there were 1 cars that did not get parking
At time 2077, there were 1 cars that did not get parking
At time 2078, there were 1 cars that did not get parking
At time 2079, there were 1 cars that did not get parking
At time 2080, there were 1 cars that did not get parking
At time 2081, there were 1 cars that did not get parking
At time 2082, there were 1 cars that did not get parking
At time 2083, there were 1 cars that did not get parking
At time 2084, there were 1 cars that did not get parking
At time 2085, there were 1 cars that did not get parking
At time 2086, there were 1 cars that did not get parking
At time 2087, there were 1 cars that did not get parking
At time 2088, there were 1 cars that did not get parking
At time 2089, there were 1 cars that did not get parking
At time 2090, there were 1 cars that did not get parking
At time 2091, there were 1 cars that did not get parking
At time 2092, there were 1 cars that did not get parking
At time 2093, there were 1 cars that did not get parking
At time 2094, there were 1 cars that did not get parking
At time 2095, there were 1 cars that did not get parking
At time 2096, there were 1 cars that did not get parking
At time 2097, there were 1 cars that did not get parking
At time 2098, there were 1 cars that did not get parking
At time 2099, there were 1 cars that did not get parking
At time 2100, there were 1 cars that did not get parking
At time 2101, there were 1 cars that did not get parking
At time 2102, there were 1 cars that did not get parking
At time 2103, there were 1 cars that did not get parking
At time 2104, there were 1 cars that did not get parking
At time 2105, there were 1 cars that did not get parking
At time 2106, there were 1 cars that did not get parking
At time 2107, there were 1 cars that did not get parking
At time 2108, there were 1 cars that did not get parking
At time 2109, there were 1 cars that did not get parking
At time 2110, there were 1 cars that did not get parking
At time 2111, there were 1 cars that did not get parking
At time 2112, there were 1 cars that did not get parking
At time 2113, there were 1 cars that did not get parking
At time 2114, there were 1 cars that did not get parking
At time 2115, there were 1 cars that did not get parking
At time 2116, there were 1 cars that did not get parking
At time 2117, there were 1 cars that did not get parking
At time 2118, there were 1 cars that did not get parking
At time 2119, there were 1 cars that did not get parking
At time 2120, there were 1 cars that did not get parking
At time 2121, there were 1 cars that did not get parking
At time 2122, there were 1 cars that did not get parking
At time 2123, there were 1 cars that did not get parking
At time 2124, there were 1 cars that did not get parking
At time 2125, there were 1 cars that did not get parking
At time 2126, there were 1 cars that did not get parking
At time 2127, there were 1 cars that did not get parking
At time 2128, there were 1 cars that did not get parking
At time 2129, there were 1 cars that did not get parking
At time 2130, there were 1 cars that did not get parking
At time 2131, there were 1 cars that did not get parking
At time 2132, there were 1 cars that did not get parking
At time 2133, there were 1 cars that did not get parking
At time 2134, there were 1 cars that did not get parking
At time 2135, there were 1 cars that did not get parking
At time 2136, there were 1 cars that did not get parking
At time 2137, there were 1 cars that did not get parking
At time 2138, there were 1 cars that did not get parking
At time 2139, there were 1 cars that did not get parking
At time 2140, there were 1 cars that did not get parking
At time 2141, there were 1 cars that did not get parking
At time 2142, there were 1 cars that did not get parking
At time 2143, there were 1 cars that did not get parking
At time 2144, there were 1 cars that did not get parking
At time 2145, there were 1 cars that did not get parking
At time 2146, there were 1 cars that did not get parking
At time 2147, there were 1 cars that did not get parking
At time 2148, there were 1 cars that did not get parking
At time 2149, there were 1 cars that did not get parking
At time 2150, there were 1 cars that did not get parking
At time 2151, there were 1 cars that did not get parking
At time 2152, there were 1 cars that did not get parking
At time 2153, there were 1 cars that did not get parking
At time 2154, there were 1 cars that did not get parking
At time 2155, there were 1 cars that did not get parking
At time 2156, there were 1 cars that did not get parking
At time 2157, there were 1 cars that did not get parking
At time 2158, there were 1 cars that did not get parking
At time 2159, there were 1 cars that did not get parking
At time 2160, there were 1 cars that did not get parking
At time 2161, there were 1 cars that did not get parking
At time 2162, there were 1 cars that did not get parking
At time 2163, there were 1 cars that did not get parking
At time 2164, there were 1 cars that did not get parking
At time 2165, there were 1 cars that did not get parking
At time 2166, there were 1 cars that did not get parking
At time 2167, there were 1 cars that did not get parking
At time 2168, there were 1 cars that did not get parking
At time 2169, there were 1 cars that did not get parking
At time 2170, there were 1 cars that did not get parking
At time 2171, there were 1 cars that did not get parking
At time 2172, there were 1 cars that did not get parking
At time 2173, there were 1 cars that did not get parking
At time 2174, there were 1 cars that did not get parking
At time 2175, there were 1 cars that did not get parking
At time 2176, there were 1 cars that did not get parking
At time 2177, there were 1 cars that did not get parking
At time 2178, there were 1 cars that did not get parking
At time 2179, there were 1 cars that did not get parking
At time 2180, there were 1 cars that did not get parking
At time 2181, there were 1 cars that did not get parking
At time 2182, there were 1 cars that did not get parking
At time 2183, there were 1 cars that did not get parking
At time 2184, there were 1 cars that did not get parking
At time 2185, there were 1 cars that did not get parking
At time 2186, there were 1 cars that did not get parking
At time 2187, there were 1 cars that did not get parking
At time 2188, there were 1 cars that did not get parking
At time 2189, there were 1 cars that did not get parking
At time 2190, there were 1 cars that did not get parking
At time 2191, there were 1 cars that did not get parking
At time 2192, there were 1 cars that did not get parking
At time 2193, there were 1 cars that did not get parking
At time 2194, there were 1 cars that did not get parking
At time 2195, there were 1 cars that did not get parking
At time 2196, there were 1 cars that did not get parking
At time 2197, there were 1 cars that did not get parking
At time 2198, there were 1 cars that did not get parking
At time 2199, there were 1 cars that did not get parking
At time 2200, there were 1 cars that did not get parking
At time 2201, there were 1 cars that did not get parking
At time 2202, there were 1 cars that did not get parking
At time 2203, there were 1 cars that did not get parking
At time 2204, there were 1 cars that did not get parking
At time 2205, there were 1 cars that did not get parking
At time 2206, there were 1 cars that did not get parking
At time 2207, there were 1 cars that did not get parking
At time 2208, there were 1 cars that did not get parking
At time 2209, there were 1 cars that did not get parking
At time 2210, there were 1 cars that did not get parking
At time 2211, there were 1 cars that did not get parking
At time 2212, there were 1 cars that did not get parking
At time 2213, there were 1 cars that did not get parking
At time 2214, there were 1 cars that did not get parking
At time 2215, there were 1 cars that did not get parking
At time 2216, there were 1 cars that did not get parking
At time 2217, there were 1 cars that did not get parking
At time 2218, there were 1 cars that did not get parking
At time 2219, there were 1 cars that did not get parking
At time 2220, there were 1 cars that did not get parking
At time 2221, there were 1 cars that did not get parking
At time 2222, there were 1 cars that did not get parking
At time 2223, there were 1 cars that did not get parking
At time 2224, there were 1 cars that did not get parking
At time 2225, there were 1 cars that did not get parking
At time 2226, there were 1 cars that did not get parking
At time 2227, there were 1 cars that did not get parking
At time 2228, there were 1 cars that did not get parking
At time 2229, there were 1 cars that did not get parking
At time 2230, there were 1 cars that did not get parking
At time 2231, there were 1 cars that did not get parking
At time 2232, there were 1 cars that did not get parking
At time 2233, there were 1 cars that did not get parking
At time 2234, there were 1 cars that did not get parking
At time 2235, there were 1 cars that did not get parking
At time 2236, there were 1 cars that did not get parking
At time 2237, there were 1 cars that did not get parking
At time 2238, there were 1 cars that did not get parking
At time 2239, there were 1 cars that did not get parking
At time 2240, there were 1 cars that did not get parking
At time 2241, there were 1 cars that did not get parking
At time 2242, there were 1 cars that did not get parking
At time 2243, there were 1 cars that did not get parking
At time 2244, there were 1 cars that did not get parking
At time 2245, there were 1 cars that did not get parking
At time 2246, there were 1 cars that did not get parking
At time 2247, there were 1 cars that did not get parking
At time 2248, there were 1 cars that did not get parking
At time 2249, there were 1 cars that did not get parking
At time 2250, there were 1 cars that did not get parking
At time 2251, there were 1 cars that did not get parking
At time 2252, there were 1 cars that did not get parking
At time 2253, there were 1 cars that did not get parking
At time 2254, there were 1 cars that did not get parking
At time 2255, there were 1 cars that did not get parking
At time 2256, there were 1 cars that did not get parking
At time 2257, there were 1 cars that did not get parking
At time 2258, there were 1 cars that did not get parking
At time 2259, there were 1 cars that did not get parking
At time 2260, there were 1 cars that did not get parking
At time 2261, there were 1 cars that did not get parking
At time 2262, there were 1 cars that did not get parking
At time 2263, there were 1 cars that did not get parking
At time 2264, there were 1 cars that did not get parking
At time 2265, there were 1 cars that did not get parking
At time 2266, there were 1 cars that did not get parking
At time 2267, there were 1 cars that did not get parking
At time 2268, there were 1 cars that did not get parking
At time 2269, there were 1 cars that did not get parking
At time 2270, there were 1 cars that did not get parking
At time 2271, there were 1 cars that did not get parking
At time 2272, there were 1 cars that did not get parking
At time 2273, there were 1 cars that did not get parking
At time 2274, there were 1 cars that did not get parking
At time 2275, there were 1 cars that did not get parking
At time 2276, there were 1 cars that did not get parking
At time 2277, there were 1 cars that did not get parking
At time 2278, there were 1 cars that did not get parking
At time 2279, there were 1 cars that did not get parking
At time 2280, there were 1 cars that did not get parking
At time 2281, there were 1 cars that did not get parking
At time 2282, there were 1 cars that did not get parking
At time 2283, there were 1 cars that did not get parking
At time 2284, there were 1 cars that did not get parking
At time 2285, there were 1 cars that did not get parking
At time 2286, there were 1 cars that did not get parking
At time 2287, there were 1 cars that did not get parking
At time 2288, there were 1 cars that did not get parking
At time 2289, there were 1 cars that did not get parking
At time 2290, there were 1 cars that did not get parking
At time 2291, there were 1 cars that did not get parking
At time 2292, there were 1 cars that did not get parking
At time 2293, there were 1 cars that did not get parking
At time 2294, there were 1 cars that did not get parking
At time 2295, there were 1 cars that did not get parking
At time 2296, there were 1 cars that did not get parking
At time 2297, there were 1 cars that did not get parking
At time 2298, there were 1 cars that did not get parking
At time 2299, there were 1 cars that did not get parking
At time 2300, there were 1 cars that did not get parking
At time 2301, there were 1 cars that did not get parking
At time 2302, there were 1 cars that did not get parking
At time 2303, there were 1 cars that did not get parking
At time 2304, there were 1 cars that did not get parking
At time 2305, there were 1 cars that did not get parking
At time 2306, there were 1 cars that did not get parking
At time 2307, there were 1 cars that did not get parking
At time 2308, there were 1 cars that did not get parking
At time 2309, there were 1 cars that did not get parking
At time 2310, there were 1 cars that did not get parking
At time 2311, there were 1 cars that did not get parking
At time 2312, there were 1 cars that did not get parking
At time 2313, there were 1 cars that did not get parking
At time 2314, there were 1 cars that did not get parking
At time 2315, there were 1 cars that did not get parking
At time 2316, there were 1 cars that did not get parking
At time 2317, there were 1 cars that did not get parking
At time 2318, there were 1 cars that did not get parking
At time 2319, there were 1 cars that did not get parking
At time 2320, there were 1 cars that did not get parking
At time 2321, there were 1 cars that did not get parking
At time 2322, there were 1 cars that did not get parking
At time 2323, there were 1 cars that did not get parking
At time 2324, there were 1 cars that did not get parking
At time 2325, there were 1 cars that did not get parking
At time 2326, there were 1 cars that did not get parking
At time 2327, there were 1 cars that did not get parking
At time 2328, there were 1 cars that did not get parking
At time 2329, there were 1 cars that did not get parking
At time 2330, there were 1 cars that did not get parking
At time 2331, there were 1 cars that did not get parking
At time 2332, there were 1 cars that did not get parking
At time 2333, there were 1 cars that did not get parking
At time 2334, there were 1 cars that did not get parking
At time 2335, there were 1 cars that did not get parking
At time 2336, there were 1 cars that did not get parking
At time 2337, there were 1 cars that did not get parking
At time 2338, there were 1 cars that did not get parking
At time 2339, there were 1 cars that did not get parking
At time 2340, there were 1 cars that did not get parking
At time 2341, there were 1 cars that did not get parking
At time 2342, there were 1 cars that did not get parking
At time 2343, there were 1 cars that did not get parking
At time 2344, there were 1 cars that did not get parking
At time 2345, there were 1 cars that did not get parking
At time 2346, there were 1 cars that did not get parking
At time 2347, there were 1 cars that did not get parking
At time 2348, there were 1 cars that did not get parking
At time 2349, there were 1 cars that did not get parking
At time 2350, there were 1 cars that did not get parking
At time 2351, there were 1 cars that did not get parking
At time 2352, there were 1 cars that did not get parking
At time 2353, there were 1 cars that did not get parking
At time 2354, there were 1 cars that did not get parking
At time 2355, there were 1 cars that did not get parking
At time 2356, there were 1 cars that did not get parking
At time 2357, there were 1 cars that did not get parking
At time 2358, there were 1 cars that did not get parking
At time 2359, there were 1 cars that did not get parking
At time 2360, there were 1 cars that did not get parking
At time 2361, there were 1 cars that did not get parking
At time 2362, there were 1 cars that did not get parking
At time 2363, there were 1 cars that did not get parking
At time 2364, there were 1 cars that did not get parking
At time 2365, there were 1 cars that did not get parking
At time 2366, there were 1 cars that did not get parking
At time 2367, there were 1 cars that did not get parking
At time 2368, there were 1 cars that did not get parking
At time 2369, there were 1 cars that did not get parking
At time 2370, there were 1 cars that did not get parking
At time 2371, there were 1 cars that did not get parking
At time 2372, there were 1 cars that did not get parking
At time 2373, there were 1 cars that did not get parking
At time 2374, there were 1 cars that did not get parking
At time 2375, there were 1 cars that did not get parking
At time 2376, there were 1 cars that did not get parking
At time 2377, there were 1 cars that did not get parking
At time 2378, there were 1 cars that did not get parking
At time 2379, there were 1 cars that did not get parking
At time 2380, there were 1 cars that did not get parking
At time 2381, there were 1 cars that did not get parking
At time 2382, there were 1 cars that did not get parking
At time 2383, there were 1 cars that did not get parking
At time 2384, there were 1 cars that did not get parking
At time 2385, there were 1 cars that did not get parking
At time 2386, there were 1 cars that did not get parking
At time 2387, there were 1 cars that did not get parking
At time 2388, there were 1 cars that did not get parking
At time 2389, there were 1 cars that did not get parking
At time 2390, there were 1 cars that did not get parking
At time 2391, there were 1 cars that did not get parking
At time 2392, there were 1 cars that did not get parking
At time 2393, there were 1 cars that did not get parking
At time 2394, there were 1 cars that did not get parking
At time 2395, there were 1 cars that did not get parking
At time 2396, there were 1 cars that did not get parking
At time 2397, there were 1 cars that did not get parking
At time 2398, there were 1 cars that did not get parking
At time 2399, there were 1 cars that did not get parking
At time 2400, there were 1 cars that did not get parking
At time 2401, there were 1 cars that did not get parking
At time 2402, there were 1 cars that did not get parking
At time 2403, there were 1 cars that did not get parking
At time 2404, there were 1 cars that did not get parking
At time 2405, there were 1 cars that did not get parking
At time 2406, there were 1 cars that did not get parking
At time 2407, there were 1 cars that did not get parking
At time 2408, there were 1 cars that did not get parking
At time 2409, there were 1 cars that did not get parking
At time 2410, there were 1 cars that did not get parking
At time 2411, there were 1 cars that did not get parking
At time 2412, there were 1 cars that did not get parking
At time 2413, there were 1 cars that did not get parking
At time 2414, there were 1 cars that did not get parking
At time 2415, there were 1 cars that did not get parking
At time 2416, there were 1 cars that did not get parking
At time 2417, there were 1 cars that did not get parking
At time 2418, there were 1 cars that did not get parking
At time 2419, there were 1 cars that did not get parking
At time 2420, there were 1 cars that did not get parking
At time 2421, there were 1 cars that did not get parking
At time 2422, there were 1 cars that did not get parking
At time 2423, there were 1 cars that did not get parking
At time 2424, there were 1 cars that did not get parking
At time 2425, there were 1 cars that did not get parking
At time 2426, there were 1 cars that did not get parking
At time 2427, there were 1 cars that did not get parking
At time 2428, there were 1 cars that did not get parking
At time 2429, there were 1 cars that did not get parking
At time 2430, there were 1 cars that did not get parking
At time 2431, there were 1 cars that did not get parking
At time 2432, there were 1 cars that did not get parking
At time 2433, there were 1 cars that did not get parking
At time 2434, there were 1 cars that did not get parking
At time 2435, there were 1 cars that did not get parking
At time 2436, there were 1 cars that did not get parking
At time 2437, there were 1 cars that did not get parking
At time 2438, there were 1 cars that did not get parking
At time 2439, there were 1 cars that did not get parking
At time 2440, there were 1 cars that did not get parking
At time 2441, there were 1 cars that did not get parking
At time 2442, there were 1 cars that did not get parking
At time 2443, there were 1 cars that did not get parking
At time 2444, there were 1 cars that did not get parking
At time 2445, there were 1 cars that did not get parking
At time 2446, there were 1 cars that did not get parking
At time 2447, there were 1 cars that did not get parking
At time 2448, there were 1 cars that did not get parking
At time 2449, there were 1 cars that did not get parking
At time 2450, there were 1 cars that did not get parking
At time 2451, there were 1 cars that did not get parking
At time 2452, there were 1 cars that did not get parking
At time 2453, there were 1 cars that did not get parking
At time 2454, there were 1 cars that did not get parking
At time 2455, there were 1 cars that did not get parking
At time 2456, there were 1 cars that did not get parking
At time 2457, there were 1 cars that did not get parking
At time 2458, there were 1 cars that did not get parking
At time 2459, there were 1 cars that did not get parking
At time 2460, there were 1 cars that did not get parking
At time 2461, there were 1 cars that did not get parking
At time 2462, there were 1 cars that did not get parking
At time 2463, there were 1 cars that did not get parking
At time 2464, there were 1 cars that did not get parking
At time 2465, there were 1 cars that did not get parking
At time 2466, there were 1 cars that did not get parking
At time 2467, there were 1 cars that did not get parking
At time 2468, there were 1 cars that did not get parking
At time 2469, there were 1 cars that did not get parking
At time 2470, there were 1 cars that did not get parking
At time 2471, there were 1 cars that did not get parking
At time 2472, there were 1 cars that did not get parking
At time 2473, there were 1 cars that did not get parking
At time 2474, there were 1 cars that did not get parking
At time 2475, there were 1 cars that did not get parking
At time 2476, there were 1 cars that did not get parking
At time 2477, there were 1 cars that did not get parking
At time 2478, there were 1 cars that did not get parking
At time 2479, there were 1 cars that did not get parking
At time 2480, there were 1 cars that did not get parking
At time 2481, there were 1 cars that did not get parking
At time 2482, there were 1 cars that did not get parking
At time 2483, there were 1 cars that did not get parking
At time 2484, there were 1 cars that did not get parking
At time 2485, there were 1 cars that did not get parking
At time 2486, there were 1 cars that did not get parking
At time 2487, there were 1 cars that did not get parking
At time 2488, there were 1 cars that did not get parking
At time 2489, there were 1 cars that did not get parking
At time 2490, there were 1 cars that did not get parking
At time 2491, there were 1 cars that did not get parking
At time 2492, there were 1 cars that did not get parking
At time 2493, there were 1 cars that did not get parking
At time 2494, there were 1 cars that did not get parking
At time 2495, there were 1 cars that did not get parking
At time 2496, there were 1 cars that did not get parking
At time 2497, there were 1 cars that did not get parking
At time 2498, there were 1 cars that did not get parking
At time 2499, there were 1 cars that did not get parking
At time 2500, there were 1 cars that did not get parking
At time 2501, there were 1 cars that did not get parking
At time 2502, there were 1 cars that did not get parking
At time 2503, there were 1 cars that did not get parking
At time 2504, there were 1 cars that did not get parking
At time 2505, there were 1 cars that did not get parking
At time 2506, there were 1 cars that did not get parking
At time 2507, there were 1 cars that did not get parking
At time 2508, there were 1 cars that did not get parking
At time 2509, there were 1 cars that did not get parking
At time 2510, there were 1 cars that did not get parking
At time 2511, there were 1 cars that did not get parking
At time 2512, there were 1 cars that did not get parking
At time 2513, there were 1 cars that did not get parking
At time 2514, there were 1 cars that did not get parking
At time 2515, there were 1 cars that did not get parking
At time 2516, there were 1 cars that did not get parking
At time 2517, there were 1 cars that did not get parking
At time 2518, there were 1 cars that did not get parking
At time 2519, there were 1 cars that did not get parking
At time 2520, there were 1 cars that did not get parking
At time 2521, there were 1 cars that did not get parking
At time 2522, there were 1 cars that did not get parking
At time 2523, there were 1 cars that did not get parking
At time 2524, there were 1 cars that did not get parking
At time 2525, there were 1 cars that did not get parking
At time 2526, there were 1 cars that did not get parking
At time 2527, there were 1 cars that did not get parking
At time 2528, there were 1 cars that did not get parking
At time 2529, there were 1 cars that did not get parking
At time 2530, there were 1 cars that did not get parking
At time 2531, there were 1 cars that did not get parking
At time 2532, there were 1 cars that did not get parking
At time 2533, there were 1 cars that did not get parking
At time 2534, there were 1 cars that did not get parking
At time 2535, there were 1 cars that did not get parking
At time 2536, there were 1 cars that did not get parking
At time 2537, there were 1 cars that did not get parking
At time 2538, there were 1 cars that did not get parking
At time 2539, there were 1 cars that did not get parking
At time 2540, there were 1 cars that did not get parking
At time 2541, there were 1 cars that did not get parking
At time 2542, there were 1 cars that did not get parking
At time 2543, there were 1 cars that did not get parking
At time 2544, there were 1 cars that did not get parking
At time 2545, there were 1 cars that did not get parking
At time 2546, there were 1 cars that did not get parking
At time 2547, there were 1 cars that did not get parking
At time 2548, there were 1 cars that did not get parking
At time 2549, there were 1 cars that did not get parking
At time 2550, there were 1 cars that did not get parking
At time 2551, there were 1 cars that did not get parking
At time 2552, there were 1 cars that did not get parking
At time 2553, there were 1 cars that did not get parking
At time 2554, there were 1 cars that did not get parking
At time 2555, there were 1 cars that did not get parking
At time 2556, there were 1 cars that did not get parking
At time 2557, there were 1 cars that did not get parking
At time 2558, there were 1 cars that did not get parking
At time 2559, there were 1 cars that did not get parking
At time 2560, there were 1 cars that did not get parking
At time 2561, there were 1 cars that did not get parking
At time 2562, there were 1 cars that did not get parking
At time 2563, there were 1 cars that did not get parking
At time 2564, there were 1 cars that did not get parking
At time 2565, there were 1 cars that did not get parking
At time 2566, there were 1 cars that did not get parking
At time 2567, there were 1 cars that did not get parking
At time 2568, there were 1 cars that did not get parking
At time 2569, there were 1 cars that did not get parking
At time 2570, there were 1 cars that did not get parking
At time 2571, there were 1 cars that did not get parking
At time 2572, there were 1 cars that did not get parking
At time 2573, there were 1 cars that did not get parking
At time 2574, there were 1 cars that did not get parking
At time 2575, there were 1 cars that did not get parking
At time 2576, there were 1 cars that did not get parking
At time 2577, there were 1 cars that did not get parking
At time 2578, there were 1 cars that did not get parking
At time 2579, there were 1 cars that did not get parking
At time 2580, there were 1 cars that did not get parking
At time 2581, there were 1 cars that did not get parking
At time 2582, there were 1 cars that did not get parking
At time 2583, there were 1 cars that did not get parking
At time 2584, there were 1 cars that did not get parking
At time 2585, there were 1 cars that did not get parking
At time 2586, there were 1 cars that did not get parking
At time 2587, there were 1 cars that did not get parking
At time 2588, there were 1 cars that did not get parking
At time 2589, there were 1 cars that did not get parking
At time 2590, there were 1 cars that did not get parking
At time 2591, there were 1 cars that did not get parking
At time 2592, there were 1 cars that did not get parking
At time 2593, there were 1 cars that did not get parking
At time 2594, there were 1 cars that did not get parking
At time 2595, there were 1 cars that did not get parking
At time 2596, there were 1 cars that did not get parking
At time 2597, there were 1 cars that did not get parking
At time 2598, there were 1 cars that did not get parking
At time 2599, there were 1 cars that did not get parking
At time 2600, there were 1 cars that did not get parking
At time 2601, there were 1 cars that did not get parking
At time 2602, there were 1 cars that did not get parking
At time 2603, there were 1 cars that did not get parking
At time 2604, there were 1 cars that did not get parking
At time 2605, there were 1 cars that did not get parking
At time 2606, there were 1 cars that did not get parking
At time 2607, there were 1 cars that did not get parking
At time 2608, there were 1 cars that did not get parking
At time 2609, there were 1 cars that did not get parking
At time 2610, there were 1 cars that did not get parking
At time 2611, there were 1 cars that did not get parking
At time 2612, there were 1 cars that did not get parking
At time 2613, there were 1 cars that did not get parking
At time 2614, there were 1 cars that did not get parking
At time 2615, there were 1 cars that did not get parking
At time 2616, there were 1 cars that did not get parking
At time 2617, there were 1 cars that did not get parking
At time 2618, there were 1 cars that did not get parking
At time 2619, there were 1 cars that did not get parking
At time 2620, there were 1 cars that did not get parking
At time 2621, there were 1 cars that did not get parking
At time 2622, there were 1 cars that did not get parking
At time 2623, there were 1 cars that did not get parking
At time 2624, there were 1 cars that did not get parking
At time 2625, there were 1 cars that did not get parking
At time 2626, there were 1 cars that did not get parking
At time 2627, there were 1 cars that did not get parking
At time 2628, there were 1 cars that did not get parking
At time 2629, there were 1 cars that did not get parking
At time 2630, there were 1 cars that did not get parking
At time 2631, there were 1 cars that did not get parking
At time 2632, there were 1 cars that did not get parking
At time 2633, there were 1 cars that did not get parking
At time 2634, there were 1 cars that did not get parking
At time 2635, there were 1 cars that did not get parking
At time 2636, there were 1 cars that did not get parking
At time 2637, there were 1 cars that did not get parking
At time 2638, there were 1 cars that did not get parking
At time 2639, there were 1 cars that did not get parking
At time 2640, there were 1 cars that did not get parking
At time 2641, there were 1 cars that did not get parking
At time 2642, there were 1 cars that did not get parking
At time 2643, there were 1 cars that did not get parking
At time 2644, there were 1 cars that did not get parking
At time 2645, there were 1 cars that did not get parking
At time 2646, there were 1 cars that did not get parking
At time 2647, there were 1 cars that did not get parking
At time 2648, there were 1 cars that did not get parking
At time 2649, there were 1 cars that did not get parking
At time 2650, there were 1 cars that did not get parking
At time 2651, there were 1 cars that did not get parking
At time 2652, there were 1 cars that did not get parking
At time 2653, there were 1 cars that did not get parking
At time 2654, there were 1 cars that did not get parking
At time 2655, there were 1 cars that did not get parking
At time 2656, there were 1 cars that did not get parking
At time 2657, there were 1 cars that did not get parking
At time 2658, there were 1 cars that did not get parking
At time 2659, there were 1 cars that did not get parking
At time 2660, there were 1 cars that did not get parking
At time 2661, there were 1 cars that did not get parking
At time 2662, there were 1 cars that did not get parking
At time 2663, there were 1 cars that did not get parking
At time 2664, there were 1 cars that did not get parking
At time 2665, there were 1 cars that did not get parking
At time 2666, there were 1 cars that did not get parking
At time 2667, there were 1 cars that did not get parking
At time 2668, there were 1 cars that did not get parking
At time 2669, there were 1 cars that did not get parking
At time 2670, there were 1 cars that did not get parking
At time 2671, there were 1 cars that did not get parking
At time 2672, there were 1 cars that did not get parking
At time 2673, there were 1 cars that did not get parking
At time 2674, there were 1 cars that did not get parking
At time 2675, there were 1 cars that did not get parking
At time 2676, there were 1 cars that did not get parking
At time 2677, there were 1 cars that did not get parking
At time 2678, there were 1 cars that did not get parking
At time 2679, there were 1 cars that did not get parking
At time 2680, there were 1 cars that did not get parking
At time 2681, there were 1 cars that did not get parking
At time 2682, there were 1 cars that did not get parking
At time 2683, there were 1 cars that did not get parking
At time 2684, there were 1 cars that did not get parking
At time 2685, there were 1 cars that did not get parking
At time 2686, there were 1 cars that did not get parking
At time 2687, there were 1 cars that did not get parking
At time 2688, there were 1 cars that did not get parking
At time 2689, there were 1 cars that did not get parking
At time 2690, there were 1 cars that did not get parking
At time 2691, there were 1 cars that did not get parking
At time 2692, there were 1 cars that did not get parking
At time 2693, there were 1 cars that did not get parking
At time 2694, there were 1 cars that did not get parking
At time 2695, there were 1 cars that did not get parking
At time 2696, there were 1 cars that did not get parking
At time 2697, there were 1 cars that did not get parking
At time 2698, there were 1 cars that did not get parking
At time 2699, there were 1 cars that did not get parking
At time 2700, there were 1 cars that did not get parking
At time 2701, there were 1 cars that did not get parking
At time 2702, there were 1 cars that did not get parking
At time 2703, there were 1 cars that did not get parking
At time 2704, there were 1 cars that did not get parking
At time 2705, there were 1 cars that did not get parking
At time 2706, there were 1 cars that did not get parking
At time 2707, there were 1 cars that did not get parking
At time 2708, there were 1 cars that did not get parking
At time 2709, there were 1 cars that did not get parking
At time 2710, there were 1 cars that did not get parking
At time 2711, there were 1 cars that did not get parking
At time 2712, there were 1 cars that did not get parking
At time 2713, there were 1 cars that did not get parking
At time 2714, there were 1 cars that did not get parking
At time 2715, there were 1 cars that did not get parking
At time 2716, there were 1 cars that did not get parking
At time 2717, there were 1 cars that did not get parking
At time 2718, there were 1 cars that did not get parking
At time 2719, there were 1 cars that did not get parking
At time 2720, there were 1 cars that did not get parking
At time 2721, there were 1 cars that did not get parking
At time 2722, there were 1 cars that did not get parking
At time 2723, there were 1 cars that did not get parking
At time 2724, there were 1 cars that did not get parking
At time 2725, there were 1 cars that did not get parking
At time 2726, there were 1 cars that did not get parking
At time 2727, there were 1 cars that did not get parking
At time 2728, there were 1 cars that did not get parking
At time 2729, there were 1 cars that did not get parking
At time 2730, there were 1 cars that did not get parking
At time 2731, there were 1 cars that did not get parking
At time 2732, there were 1 cars that did not get parking
At time 2733, there were 1 cars that did not get parking
At time 2734, there were 1 cars that did not get parking
At time 2735, there were 1 cars that did not get parking
At time 2736, there were 1 cars that did not get parking
At time 2737, there were 1 cars that did not get parking
At time 2738, there were 1 cars that did not get parking
At time 2739, there were 1 cars that did not get parking
At time 2740, there were 1 cars that did not get parking
At time 2741, there were 1 cars that did not get parking
At time 2742, there were 1 cars that did not get parking
At time 2743, there were 1 cars that did not get parking
At time 2744, there were 1 cars that did not get parking
At time 2745, there were 1 cars that did not get parking
At time 2746, there were 1 cars that did not get parking
At time 2747, there were 1 cars that did not get parking
At time 2748, there were 1 cars that did not get parking
At time 2749, there were 1 cars that did not get parking
At time 2750, there were 1 cars that did not get parking
At time 2751, there were 1 cars that did not get parking
At time 2752, there were 1 cars that did not get parking
At time 2753, there were 1 cars that did not get parking
At time 2754, there were 1 cars that did not get parking
At time 2755, there were 1 cars that did not get parking
At time 2756, there were 1 cars that did not get parking
At time 2757, there were 1 cars that did not get parking
At time 2758, there were 1 cars that did not get parking
At time 2759, there were 1 cars that did not get parking
At time 2760, there were 1 cars that did not get parking
At time 2761, there were 1 cars that did not get parking
At time 2762, there were 1 cars that did not get parking
At time 2763, there were 1 cars that did not get parking
At time 2764, there were 1 cars that did not get parking
At time 2765, there were 1 cars that did not get parking
At time 2766, there were 1 cars that did not get parking
At time 2767, there were 1 cars that did not get parking
At time 2768, there were 1 cars that did not get parking
At time 2769, there were 1 cars that did not get parking
At time 2770, there were 1 cars that did not get parking
At time 2771, there were 1 cars that did not get parking
At time 2772, there were 1 cars that did not get parking
At time 2773, there were 1 cars that did not get parking
At time 2774, there were 1 cars that did not get parking
At time 2775, there were 1 cars that did not get parking
At time 2776, there were 1 cars that did not get parking
At time 2777, there were 1 cars that did not get parking
At time 2778, there were 1 cars that did not get parking
At time 2779, there were 1 cars that did not get parking
At time 2780, there were 1 cars that did not get parking
At time 2781, there were 1 cars that did not get parking
At time 2782, there were 1 cars that did not get parking
At time 2783, there were 1 cars that did not get parking
At time 2784, there were 1 cars that did not get parking
At time 2785, there were 1 cars that did not get parking
At time 2786, there were 1 cars that did not get parking
At time 2787, there were 1 cars that did not get parking
At time 2788, there were 1 cars that did not get parking
At time 2789, there were 1 cars that did not get parking
At time 2790, there were 1 cars that did not get parking
At time 2791, there were 1 cars that did not get parking
At time 2792, there were 1 cars that did not get parking
At time 2793, there were 1 cars that did not get parking
At time 2794, there were 1 cars that did not get parking
At time 2795, there were 1 cars that did not get parking
At time 2796, there were 1 cars that did not get parking
At time 2797, there were 1 cars that did not get parking
At time 2798, there were 1 cars that did not get parking
At time 2799, there were 1 cars that did not get parking
At time 2800, there were 1 cars that did not get parking
At time 2801, there were 1 cars that did not get parking
At time 2802, there were 1 cars that did not get parking
At time 2803, there were 1 cars that did not get parking
At time 2804, there were 1 cars that did not get parking
At time 2805, there were 1 cars that did not get parking
At time 2806, there were 1 cars that did not get parking
At time 2807, there were 1 cars that did not get parking
At time 2808, there were 1 cars that did not get parking
At time 2809, there were 1 cars that did not get parking
At time 2810, there were 1 cars that did not get parking
At time 2811, there were 1 cars that did not get parking
At time 2812, there were 1 cars that did not get parking
At time 2813, there were 1 cars that did not get parking
At time 2814, there were 1 cars that did not get parking
At time 2815, there were 1 cars that did not get parking
At time 2816, there were 1 cars that did not get parking
At time 2817, there were 1 cars that did not get parking
At time 2818, there were 1 cars that did not get parking
At time 2819, there were 1 cars that did not get parking
At time 2820, there were 1 cars that did not get parking
At time 2821, there were 1 cars that did not get parking
At time 2822, there were 1 cars that did not get parking
At time 2823, there were 1 cars that did not get parking
At time 2824, there were 1 cars that did not get parking
At time 2825, there were 1 cars that did not get parking
At time 2826, there were 1 cars that did not get parking
At time 2827, there were 1 cars that did not get parking
At time 2828, there were 1 cars that did not get parking
At time 2829, there were 1 cars that did not get parking
At time 2830, there were 1 cars that did not get parking
At time 2831, there were 1 cars that did not get parking
At time 2832, there were 1 cars that did not get parking
At time 2833, there were 1 cars that did not get parking
At time 2834, there were 1 cars that did not get parking
At time 2835, there were 1 cars that did not get parking
At time 2836, there were 1 cars that did not get parking
At time 2837, there were 1 cars that did not get parking
At time 2838, there were 1 cars that did not get parking
At time 2839, there were 1 cars that did not get parking
At time 2840, there were 1 cars that did not get parking
At time 2841, there were 1 cars that did not get parking
At time 2842, there were 1 cars that did not get parking
At time 2843, there were 1 cars that did not get parking
At time 2844, there were 1 cars that did not get parking
At time 2845, there were 1 cars that did not get parking
At time 2846, there were 1 cars that did not get parking
At time 2847, there were 1 cars that did not get parking
At time 2848, there were 1 cars that did not get parking
At time 2849, there were 1 cars that did not get parking
At time 2850, there were 1 cars that did not get parking
At time 2851, there were 1 cars that did not get parking
At time 2852, there were 1 cars that did not get parking
At time 2853, there were 1 cars that did not get parking
At time 2854, there were 1 cars that did not get parking
At time 2855, there were 1 cars that did not get parking
At time 2856, there were 1 cars that did not get parking
At time 2857, there were 1 cars that did not get parking
At time 2858, there were 1 cars that did not get parking
At time 2859, there were 1 cars that did not get parking
At time 2860, there were 1 cars that did not get parking
At time 2861, there were 1 cars that did not get parking
At time 2862, there were 1 cars that did not get parking
At time 2863, there were 1 cars that did not get parking
At time 2864, there were 1 cars that did not get parking
At time 2865, there were 1 cars that did not get parking
At time 2866, there were 1 cars that did not get parking
At time 2867, there were 1 cars that did not get parking
At time 2868, there were 1 cars that did not get parking
At time 2869, there were 1 cars that did not get parking
At time 2870, there were 1 cars that did not get parking
At time 2871, there were 1 cars that did not get parking
At time 2872, there were 1 cars that did not get parking
At time 2873, there were 1 cars that did not get parking
At time 2874, there were 1 cars that did not get parking
At time 2875, there were 1 cars that did not get parking
At time 2876, there were 1 cars that did not get parking
At time 2877, there were 1 cars that did not get parking
At time 2878, there were 1 cars that did not get parking
At time 2879, there were 1 cars that did not get parking
This station was full for 0 minutes
This station was empty for 0 minutes


Station 17:
This station was full for 0 minutes
This station was empty for 0 minutes


Station 18:
This station was full for 0 minutes
This station was empty for 0 minutes


Station 19:
This station was full for 0 minutes
This station was empty for 0 minutes


Station 20:
This station was full for 0 minutes
This station was empty for 0 minutes


Station 21:
This station was full for 0 minutes
This station was empty for 0 minutes


Station 22:
This station was full for 1057 minutes
This station was empty for 1628 minutes


Station 23:
This station was full for 0 minutes
This station was empty for 0 minutes


Station 24:
This station was full for 0 minutes
This station was empty for 0 minutes


Station 25:
This station was full for 0 minutes
This station was empty for 0 minutes


Station 26:
This station was full for 0 minutes
This station was empty for 0 minutes


Station 27:
This station was full for 0 minutes
This station was empty for 0 minutes


Station 28:
This station was full for 0 minutes
This station was empty for 0 minutes


Station 29:
This station was full for 0 minutes
This station was empty for 0 minutes


Station 30:
This station was full for 0 minutes
This station was empty for 2880 minutes


Station 31:
This station was full for 0 minutes
This station was empty for 0 minutes


Station 32:
This station was full for 0 minutes
This station was empty for 0 minutes


Station 33:
This station was full for 0 minutes
This station was empty for 0 minutes


Station 34:
This station was full for 0 minutes
This station was empty for 0 minutes


Station 35:
This station was full for 0 minutes
This station was empty for 0 minutes


Station 36:
This station was full for 0 minutes
This station was empty for 0 minutes


Station 37:
This station was full for 0 minutes
This station was empty for 0 minutes


Station 38:
At time 205, there were 1 cars that did not get parking
At time 206, there were 2 cars that did not get parking
At time 207, there were 1 cars that did not get parking
At time 391, there were 1 cars that did not get parking
At time 392, there were 1 cars that did not get parking
At time 393, there were 1 cars that did not get parking
At time 394, there were 1 cars that did not get parking
At time 395, there were 1 cars that did not get parking
At time 396, there were 1 cars that did not get parking
At time 397, there were 1 cars that did not get parking
At time 398, there were 1 cars that did not get parking
At time 399, there were 1 cars that did not get parking
At time 400, there were 1 cars that did not get parking
At time 401, there were 1 cars that did not get parking
At time 402, there were 1 cars that did not get parking
At time 403, there were 1 cars that did not get parking
At time 404, there were 1 cars that did not get parking
At time 405, there were 1 cars that did not get parking
At time 406, there were 1 cars that did not get parking
At time 407, there were 1 cars that did not get parking
At time 408, there were 1 cars that did not get parking
At time 409, there were 1 cars that did not get parking
At time 410, there were 1 cars that did not get parking
At time 411, there were 1 cars that did not get parking
At time 412, there were 1 cars that did not get parking
At time 413, there were 1 cars that did not get parking
At time 414, there were 1 cars that did not get parking
At time 415, there were 1 cars that did not get parking
At time 416, there were 1 cars that did not get parking
At time 417, there were 1 cars that did not get parking
At time 418, there were 1 cars that did not get parking
At time 419, there were 1 cars that did not get parking
At time 420, there were 1 cars that did not get parking
At time 421, there were 1 cars that did not get parking
At time 422, there were 1 cars that did not get parking
At time 423, there were 1 cars that did not get parking
At time 424, there were 1 cars that did not get parking
At time 425, there were 1 cars that did not get parking
At time 426, there were 1 cars that did not get parking
At time 427, there were 1 cars that did not get parking
At time 428, there were 1 cars that did not get parking
At time 429, there were 1 cars that did not get parking
At time 430, there were 1 cars that did not get parking
At time 431, there were 1 cars that did not get parking
At time 432, there were 1 cars that did not get parking
At time 433, there were 1 cars that did not get parking
At time 434, there were 1 cars that did not get parking
At time 435, there were 1 cars that did not get parking
At time 436, there were 1 cars that did not get parking
At time 437, there were 1 cars that did not get parking
At time 438, there were 1 cars that did not get parking
At time 439, there were 1 cars that did not get parking
At time 440, there were 1 cars that did not get parking
At time 441, there were 1 cars that did not get parking
At time 442, there were 1 cars that did not get parking
At time 443, there were 1 cars that did not get parking
At time 444, there were 1 cars that did not get parking
At time 445, there were 1 cars that did not get parking
At time 446, there were 1 cars that did not get parking
At time 447, there were 1 cars that did not get parking
At time 448, there were 1 cars that did not get parking
At time 449, there were 1 cars that did not get parking
At time 450, there were 1 cars that did not get parking
At time 451, there were 1 cars that did not get parking
At time 452, there were 1 cars that did not get parking
At time 453, there were 1 cars that did not get parking
At time 454, there were 1 cars that did not get parking
At time 455, there were 1 cars that did not get parking
At time 456, there were 1 cars that did not get parking
At time 457, there were 1 cars that did not get parking
At time 458, there were 1 cars that did not get parking
At time 459, there were 1 cars that did not get parking
At time 460, there were 1 cars that did not get parking
At time 461, there were 1 cars that did not get parking
At time 462, there were 1 cars that did not get parking
At time 463, there were 1 cars that did not get parking
At time 464, there were 1 cars that did not get parking
At time 465, there were 1 cars that did not get parking
At time 466, there were 1 cars that did not get parking
At time 467, there were 1 cars that did not get parking
At time 468, there were 1 cars that did not get parking
At time 469, there were 1 cars that did not get parking
At time 470, there were 1 cars that did not get parking
At time 471, there were 1 cars that did not get parking
At time 472, there were 1 cars that did not get parking
At time 473, there were 1 cars that did not get parking
At time 474, there were 1 cars that did not get parking
At time 475, there were 1 cars that did not get parking
At time 476, there were 1 cars that did not get parking
At time 477, there were 1 cars that did not get parking
At time 478, there were 1 cars that did not get parking
At time 479, there were 1 cars that did not get parking
At time 480, there were 1 cars that did not get parking
At time 481, there were 1 cars that did not get parking
At time 482, there were 1 cars that did not get parking
At time 483, there were 1 cars that did not get parking
At time 484, there were 1 cars that did not get parking
At time 485, there were 1 cars that did not get parking
At time 486, there were 1 cars that did not get parking
At time 487, there were 1 cars that did not get parking
At time 488, there were 1 cars that did not get parking
At time 489, there were 1 cars that did not get parking
At time 490, there were 1 cars that did not get parking
At time 491, there were 1 cars that did not get parking
At time 492, there were 1 cars that did not get parking
At time 493, there were 2 cars that did not get parking
At time 494, there were 3 cars that did not get parking
At time 495, there were 2 cars that did not get parking
At time 496, there were 1 cars that did not get parking
At time 679, there were 1 cars that did not get parking
At time 680, there were 1 cars that did not get parking
At time 681, there were 1 cars that did not get parking
At time 682, there were 1 cars that did not get parking
At time 683, there were 1 cars that did not get parking
At time 684, there were 1 cars that did not get parking
At time 685, there were 1 cars that did not get parking
At time 686, there were 1 cars that did not get parking
At time 687, there were 1 cars that did not get parking
At time 688, there were 1 cars that did not get parking
At time 689, there were 1 cars that did not get parking
At time 690, there were 1 cars that did not get parking
At time 691, there were 1 cars that did not get parking
At time 692, there were 1 cars that did not get parking
At time 693, there were 1 cars that did not get parking
At time 694, there were 1 cars that did not get parking
At time 695, there were 1 cars that did not get parking
At time 696, there were 1 cars that did not get parking
At time 697, there were 1 cars that did not get parking
At time 698, there were 1 cars that did not get parking
At time 699, there were 1 cars that did not get parking
At time 700, there were 1 cars that did not get parking
At time 701, there were 1 cars that did not get parking
At time 702, there were 1 cars that did not get parking
At time 703, there were 1 cars that did not get parking
At time 704, there were 1 cars that did not get parking
At time 705, there were 1 cars that did not get parking
At time 706, there were 1 cars that did not get parking
At time 707, there were 1 cars that did not get parking
At time 708, there were 1 cars that did not get parking
At time 709, there were 1 cars that did not get parking
At time 710, there were 1 cars that did not get parking
At time 711, there were 1 cars that did not get parking
At time 712, there were 1 cars that did not get parking
At time 713, there were 1 cars that did not get parking
At time 714, there were 1 cars that did not get parking
At time 715, there were 1 cars that did not get parking
At time 716, there were 1 cars that did not get parking
At time 717, there were 1 cars that did not get parking
At time 718, there were 1 cars that did not get parking
At time 719, there were 1 cars that did not get parking
At time 720, there were 1 cars that did not get parking
At time 721, there were 1 cars that did not get parking
At time 722, there were 1 cars that did not get parking
At time 723, there were 1 cars that did not get parking
At time 724, there were 1 cars that did not get parking
At time 725, there were 1 cars that did not get parking
At time 726, there were 1 cars that did not get parking
At time 727, there were 1 cars that did not get parking
At time 728, there were 1 cars that did not get parking
At time 729, there were 1 cars that did not get parking
At time 730, there were 1 cars that did not get parking
At time 731, there were 1 cars that did not get parking
At time 732, there were 1 cars that did not get parking
At time 733, there were 1 cars that did not get parking
At time 734, there were 1 cars that did not get parking
At time 735, there were 1 cars that did not get parking
At time 736, there were 1 cars that did not get parking
At time 737, there were 1 cars that did not get parking
At time 738, there were 1 cars that did not get parking
At time 739, there were 1 cars that did not get parking
At time 740, there were 1 cars that did not get parking
At time 741, there were 1 cars that did not get parking
At time 742, there were 1 cars that did not get parking
At time 743, there were 1 cars that did not get parking
At time 744, there were 1 cars that did not get parking
At time 745, there were 1 cars that did not get parking
At time 746, there were 1 cars that did not get parking
At time 747, there were 1 cars that did not get parking
At time 748, there were 1 cars that did not get parking
At time 749, there were 1 cars that did not get parking
At time 750, there were 1 cars that did not get parking
At time 751, there were 1 cars that did not get parking
At time 752, there were 1 cars that did not get parking
At time 753, there were 1 cars that did not get parking
At time 754, there were 1 cars that did not get parking
At time 755, there were 1 cars that did not get parking
At time 756, there were 1 cars that did not get parking
At time 757, there were 1 cars that did not get parking
At time 758, there were 1 cars that did not get parking
At time 759, there were 1 cars that did not get parking
At time 760, there were 1 cars that did not get parking
At time 761, there were 1 cars that did not get parking
At time 762, there were 1 cars that did not get parking
At time 763, there were 1 cars that did not get parking
At time 764, there were 1 cars that did not get parking
At time 765, there were 1 cars that did not get parking
At time 766, there were 1 cars that did not get parking
At time 767, there were 1 cars that did not get parking
At time 768, there were 1 cars that did not get parking
At time 769, there were 1 cars that did not get parking
At time 770, there were 1 cars that did not get parking
At time 771, there were 1 cars that did not get parking
At time 772, there were 1 cars that did not get parking
At time 773, there were 1 cars that did not get parking
At time 774, there were 1 cars that did not get parking
At time 775, there were 1 cars that did not get parking
At time 776, there were 1 cars that did not get parking
At time 777, there were 1 cars that did not get parking
At time 778, there were 1 cars that did not get parking
At time 779, there were 1 cars that did not get parking
At time 780, there were 1 cars that did not get parking
At time 781, there were 2 cars that did not get parking
At time 782, there were 3 cars that did not get parking
At time 783, there were 2 cars that did not get parking
At time 784, there were 1 cars that did not get parking
At time 967, there were 1 cars that did not get parking
At time 968, there were 1 cars that did not get parking
At time 969, there were 1 cars that did not get parking
At time 970, there were 1 cars that did not get parking
At time 971, there were 1 cars that did not get parking
At time 972, there were 1 cars that did not get parking
At time 973, there were 1 cars that did not get parking
At time 974, there were 1 cars that did not get parking
At time 975, there were 1 cars that did not get parking
At time 976, there were 1 cars that did not get parking
At time 977, there were 1 cars that did not get parking
At time 978, there were 1 cars that did not get parking
At time 979, there were 1 cars that did not get parking
At time 980, there were 1 cars that did not get parking
At time 981, there were 1 cars that did not get parking
At time 982, there were 1 cars that did not get parking
At time 983, there were 1 cars that did not get parking
At time 984, there were 1 cars that did not get parking
At time 985, there were 1 cars that did not get parking
At time 986, there were 1 cars that did not get parking
At time 987, there were 1 cars that did not get parking
At time 988, there were 1 cars that did not get parking
At time 989, there were 1 cars that did not get parking
At time 990, there were 1 cars that did not get parking
At time 991, there were 1 cars that did not get parking
At time 992, there were 1 cars that did not get parking
At time 993, there were 1 cars that did not get parking
At time 994, there were 1 cars that did not get parking
At time 995, there were 1 cars that did not get parking
At time 996, there were 1 cars that did not get parking
At time 997, there were 1 cars that did not get parking
At time 998, there were 1 cars that did not get parking
At time 999, there were 1 cars that did not get parking
At time 1000, there were 1 cars that did not get parking
At time 1001, there were 1 cars that did not get parking
At time 1002, there were 1 cars that did not get parking
At time 1003, there were 1 cars that did not get parking
At time 1004, there were 1 cars that did not get parking
At time 1005, there were 1 cars that did not get parking
At time 1006, there were 1 cars that did not get parking
At time 1007, there were 1 cars that did not get parking
At time 1008, there were 1 cars that did not get parking
At time 1009, there were 1 cars that did not get parking
At time 1010, there were 1 cars that did not get parking
At time 1011, there were 1 cars that did not get parking
At time 1012, there were 1 cars that did not get parking
At time 1013, there were 1 cars that did not get parking
At time 1014, there were 1 cars that did not get parking
At time 1015, there were 1 cars that did not get parking
At time 1016, there were 1 cars that did not get parking
At time 1017, there were 1 cars that did not get parking
At time 1018, there were 1 cars that did not get parking
At time 1019, there were 1 cars that did not get parking
At time 1020, there were 1 cars that did not get parking
At time 1021, there were 1 cars that did not get parking
At time 1022, there were 1 cars that did not get parking
At time 1023, there were 1 cars that did not get parking
At time 1024, there were 1 cars that did not get parking
At time 1025, there were 1 cars that did not get parking
At time 1026, there were 1 cars that did not get parking
At time 1027, there were 1 cars that did not get parking
At time 1028, there were 1 cars that did not get parking
At time 1029, there were 1 cars that did not get parking
At time 1030, there were 1 cars that did not get parking
At time 1031, there were 1 cars that did not get parking
At time 1032, there were 1 cars that did not get parking
At time 1033, there were 1 cars that did not get parking
At time 1034, there were 1 cars that did not get parking
At time 1035, there were 1 cars that did not get parking
At time 1036, there were 1 cars that did not get parking
At time 1037, there were 1 cars that did not get parking
At time 1038, there were 1 cars that did not get parking
At time 1039, there were 1 cars that did not get parking
At time 1040, there were 1 cars that did not get parking
At time 1041, there were 1 cars that did not get parking
At time 1042, there were 1 cars that did not get parking
At time 1043, there were 1 cars that did not get parking
At time 1044, there were 1 cars that did not get parking
At time 1045, there were 1 cars that did not get parking
At time 1046, there were 1 cars that did not get parking
At time 1047, there were 1 cars that did not get parking
At time 1048, there were 1 cars that did not get parking
At time 1049, there were 1 cars that did not get parking
At time 1050, there were 1 cars that did not get parking
At time 1051, there were 1 cars that did not get parking
At time 1052, there were 1 cars that did not get parking
At time 1053, there were 1 cars that did not get parking
At time 1054, there were 1 cars that did not get parking
At time 1055, there were 1 cars that did not get parking
At time 1056, there were 1 cars that did not get parking
At time 1057, there were 1 cars that did not get parking
At time 1058, there were 1 cars that did not get parking
At time 1059, there were 1 cars that did not get parking
At time 1060, there were 1 cars that did not get parking
At time 1061, there were 1 cars that did not get parking
At time 1062, there were 1 cars that did not get parking
At time 1063, there were 1 cars that did not get parking
At time 1064, there were 1 cars that did not get parking
At time 1065, there were 1 cars that did not get parking
At time 1066, there were 1 cars that did not get parking
At time 1067, there were 1 cars that did not get parking
At time 1068, there were 1 cars that did not get parking
At time 1069, there were 2 cars that did not get parking
At time 1070, there were 3 cars that did not get parking
At time 1071, there were 2 cars that did not get parking
At time 1072, there were 1 cars that did not get parking
At time 1255, there were 1 cars that did not get parking
At time 1256, there were 1 cars that did not get parking
At time 1257, there were 1 cars that did not get parking
At time 1258, there were 1 cars that did not get parking
At time 1259, there were 1 cars that did not get parking
At time 1260, there were 1 cars that did not get parking
At time 1261, there were 1 cars that did not get parking
At time 1262, there were 1 cars that did not get parking
At time 1263, there were 1 cars that did not get parking
At time 1264, there were 1 cars that did not get parking
At time 1265, there were 1 cars that did not get parking
At time 1266, there were 1 cars that did not get parking
At time 1267, there were 1 cars that did not get parking
At time 1268, there were 1 cars that did not get parking
At time 1269, there were 1 cars that did not get parking
At time 1270, there were 1 cars that did not get parking
At time 1271, there were 1 cars that did not get parking
At time 1272, there were 1 cars that did not get parking
At time 1273, there were 1 cars that did not get parking
At time 1274, there were 1 cars that did not get parking
At time 1275, there were 1 cars that did not get parking
At time 1276, there were 1 cars that did not get parking
At time 1277, there were 1 cars that did not get parking
At time 1278, there were 1 cars that did not get parking
At time 1279, there were 1 cars that did not get parking
At time 1280, there were 1 cars that did not get parking
At time 1281, there were 1 cars that did not get parking
At time 1282, there were 1 cars that did not get parking
At time 1283, there were 1 cars that did not get parking
At time 1284, there were 1 cars that did not get parking
At time 1285, there were 1 cars that did not get parking
At time 1286, there were 1 cars that did not get parking
At time 1287, there were 1 cars that did not get parking
At time 1288, there were 1 cars that did not get parking
At time 1289, there were 1 cars that did not get parking
At time 1290, there were 1 cars that did not get parking
At time 1291, there were 1 cars that did not get parking
At time 1292, there were 1 cars that did not get parking
At time 1293, there were 1 cars that did not get parking
At time 1294, there were 1 cars that did not get parking
At time 1295, there were 1 cars that did not get parking
At time 1296, there were 1 cars that did not get parking
At time 1297, there were 1 cars that did not get parking
At time 1298, there were 1 cars that did not get parking
At time 1299, there were 1 cars that did not get parking
At time 1300, there were 1 cars that did not get parking
At time 1301, there were 1 cars that did not get parking
At time 1302, there were 1 cars that did not get parking
At time 1303, there were 1 cars that did not get parking
At time 1304, there were 1 cars that did not get parking
At time 1305, there were 1 cars that did not get parking
At time 1306, there were 1 cars that did not get parking
At time 1307, there were 1 cars that did not get parking
At time 1308, there were 1 cars that did not get parking
At time 1309, there were 1 cars that did not get parking
At time 1310, there were 1 cars that did not get parking
At time 1311, there were 1 cars that did not get parking
At time 1312, there were 1 cars that did not get parking
At time 1313, there were 1 cars that did not get parking
At time 1314, there were 1 cars that did not get parking
At time 1315, there were 1 cars that did not get parking
At time 1316, there were 1 cars that did not get parking
At time 1317, there were 1 cars that did not get parking
At time 1318, there were 1 cars that did not get parking
At time 1319, there were 1 cars that did not get parking
At time 1320, there were 1 cars that did not get parking
At time 1321, there were 1 cars that did not get parking
At time 1322, there were 1 cars that did not get parking
At time 1323, there were 1 cars that did not get parking
At time 1324, there were 1 cars that did not get parking
At time 1325, there were 1 cars that did not get parking
At time 1326, there were 1 cars that did not get parking
At time 1327, there were 1 cars that did not get parking
At time 1328, there were 1 cars that did not get parking
At time 1329, there were 1 cars that did not get parking
At time 1330, there were 1 cars that did not get parking
At time 1331, there were 1 cars that did not get parking
At time 1332, there were 1 cars that did not get parking
At time 1333, there were 1 cars that did not get parking
At time 1334, there were 1 cars that did not get parking
At time 1335, there were 1 cars that did not get parking
At time 1336, there were 1 cars that did not get parking
At time 1337, there were 1 cars that did not get parking
At time 1338, there were 1 cars that did not get parking
At time 1339, there were 1 cars that did not get parking
At time 1340, there were 1 cars that did not get parking
At time 1341, there were 1 cars that did not get parking
At time 1342, there were 1 cars that did not get parking
At time 1343, there were 1 cars that did not get parking
At time 1344, there were 1 cars that did not get parking
At time 1345, there were 1 cars that did not get parking
At time 1346, there were 1 cars that did not get parking
At time 1347, there were 1 cars that did not get parking
At time 1348, there were 1 cars that did not get parking
At time 1349, there were 1 cars that did not get parking
At time 1350, there were 1 cars that did not get parking
At time 1351, there were 1 cars that did not get parking
At time 1352, there were 1 cars that did not get parking
At time 1353, there were 1 cars that did not get parking
At time 1354, there were 1 cars that did not get parking
At time 1355, there were 1 cars that did not get parking
At time 1356, there were 1 cars that did not get parking
At time 1357, there were 2 cars that did not get parking
At time 1358, there were 3 cars that did not get parking
At time 1359, there were 2 cars that did not get parking
At time 1360, there were 1 cars that did not get parking
At time 1543, there were 1 cars that did not get parking
At time 1544, there were 1 cars that did not get parking
At time 1545, there were 1 cars that did not get parking
At time 1546, there were 1 cars that did not get parking
At time 1547, there were 1 cars that did not get parking
At time 1548, there were 1 cars that did not get parking
At time 1549, there were 1 cars that did not get parking
At time 1550, there were 1 cars that did not get parking
At time 1551, there were 1 cars that did not get parking
At time 1552, there were 1 cars that did not get parking
At time 1553, there were 1 cars that did not get parking
At time 1554, there were 1 cars that did not get parking
At time 1555, there were 1 cars that did not get parking
At time 1556, there were 1 cars that did not get parking
At time 1557, there were 1 cars that did not get parking
At time 1558, there were 1 cars that did not get parking
At time 1559, there were 1 cars that did not get parking
At time 1560, there were 1 cars that did not get parking
At time 1561, there were 1 cars that did not get parking
At time 1562, there were 1 cars that did not get parking
At time 1563, there were 1 cars that did not get parking
At time 1564, there were 1 cars that did not get parking
At time 1565, there were 1 cars that did not get parking
At time 1566, there were 1 cars that did not get parking
At time 1567, there were 1 cars that did not get parking
At time 1568, there were 1 cars that did not get parking
At time 1569, there were 1 cars that did not get parking
At time 1570, there were 1 cars that did not get parking
At time 1571, there were 1 cars that did not get parking
At time 1572, there were 1 cars that did not get parking
At time 1573, there were 1 cars that did not get parking
At time 1574, there were 1 cars that did not get parking
At time 1575, there were 1 cars that did not get parking
At time 1576, there were 1 cars that did not get parking
At time 1577, there were 1 cars that did not get parking
At time 1578, there were 1 cars that did not get parking
At time 1579, there were 1 cars that did not get parking
At time 1580, there were 1 cars that did not get parking
At time 1581, there were 1 cars that did not get parking
At time 1582, there were 1 cars that did not get parking
At time 1583, there were 1 cars that did not get parking
At time 1584, there were 1 cars that did not get parking
At time 1585, there were 1 cars that did not get parking
At time 1586, there were 1 cars that did not get parking
At time 1587, there were 1 cars that did not get parking
At time 1588, there were 1 cars that did not get parking
At time 1589, there were 1 cars that did not get parking
At time 1590, there were 1 cars that did not get parking
At time 1591, there were 1 cars that did not get parking
At time 1592, there were 1 cars that did not get parking
At time 1593, there were 1 cars that did not get parking
At time 1594, there were 1 cars that did not get parking
At time 1595, there were 1 cars that did not get parking
At time 1596, there were 1 cars that did not get parking
At time 1597, there were 1 cars that did not get parking
At time 1598, there were 1 cars that did not get parking
At time 1599, there were 1 cars that did not get parking
At time 1600, there were 1 cars that did not get parking
At time 1601, there were 1 cars that did not get parking
At time 1602, there were 1 cars that did not get parking
At time 1603, there were 1 cars that did not get parking
At time 1604, there were 1 cars that did not get parking
At time 1605, there were 1 cars that did not get parking
At time 1606, there were 1 cars that did not get parking
At time 1607, there were 1 cars that did not get parking
At time 1608, there were 1 cars that did not get parking
At time 1609, there were 1 cars that did not get parking
At time 1610, there were 1 cars that did not get parking
At time 1611, there were 1 cars that did not get parking
At time 1612, there were 1 cars that did not get parking
At time 1613, there were 1 cars that did not get parking
At time 1614, there were 1 cars that did not get parking
At time 1615, there were 1 cars that did not get parking
At time 1616, there were 1 cars that did not get parking
At time 1617, there were 1 cars that did not get parking
At time 1618, there were 1 cars that did not get parking
At time 1619, there were 1 cars that did not get parking
At time 1620, there were 1 cars that did not get parking
At time 1621, there were 1 cars that did not get parking
At time 1622, there were 1 cars that did not get parking
At time 1623, there were 1 cars that did not get parking
At time 1624, there were 1 cars that did not get parking
At time 1625, there were 1 cars that did not get parking
At time 1626, there were 1 cars that did not get parking
At time 1627, there were 1 cars that did not get parking
At time 1628, there were 1 cars that did not get parking
At time 1629, there were 1 cars that did not get parking
At time 1630, there were 1 cars that did not get parking
At time 1631, there were 1 cars that did not get parking
At time 1632, there were 1 cars that did not get parking
At time 1633, there were 1 cars that did not get parking
At time 1634, there were 1 cars that did not get parking
At time 1635, there were 1 cars that did not get parking
At time 1636, there were 1 cars that did not get parking
At time 1637, there were 1 cars that did not get parking
At time 1638, there were 1 cars that did not get parking
At time 1639, there were 1 cars that did not get parking
At time 1640, there were 1 cars that did not get parking
At time 1641, there were 1 cars that did not get parking
At time 1642, there were 1 cars that did not get parking
At time 1643, there were 1 cars that did not get parking
At time 1644, there were 1 cars that did not get parking
At time 1645, there were 2 cars that did not get parking
At time 1646, there were 3 cars that did not get parking
At time 1647, there were 2 cars that did not get parking
At time 1648, there were 1 cars that did not get parking
At time 1831, there were 1 cars that did not get parking
At time 1832, there were 1 cars that did not get parking
At time 1833, there were 1 cars that did not get parking
At time 1834, there were 1 cars that did not get parking
At time 1835, there were 1 cars that did not get parking
At time 1836, there were 1 cars that did not get parking
At time 1837, there were 1 cars that did not get parking
At time 1838, there were 1 cars that did not get parking
At time 1839, there were 1 cars that did not get parking
At time 1840, there were 1 cars that did not get parking
At time 1841, there were 1 cars that did not get parking
At time 1842, there were 1 cars that did not get parking
At time 1843, there were 1 cars that did not get parking
At time 1844, there were 1 cars that did not get parking
At time 1845, there were 1 cars that did not get parking
At time 1846, there were 1 cars that did not get parking
At time 1847, there were 1 cars that did not get parking
At time 1848, there were 1 cars that did not get parking
At time 1849, there were 1 cars that did not get parking
At time 1850, there were 1 cars that did not get parking
At time 1851, there were 1 cars that did not get parking
At time 1852, there were 1 cars that did not get parking
At time 1853, there were 1 cars that did not get parking
At time 1854, there were 1 cars that did not get parking
At time 1855, there were 1 cars that did not get parking
At time 1856, there were 1 cars that did not get parking
At time 1857, there were 1 cars that did not get parking
At time 1858, there were 1 cars that did not get parking
At time 1859, there were 1 cars that did not get parking
At time 1860, there were 1 cars that did not get parking
At time 1861, there were 1 cars that did not get parking
At time 1862, there were 1 cars that did not get parking
At time 1863, there were 1 cars that did not get parking
At time 1864, there were 1 cars that did not get parking
At time 1865, there were 1 cars that did not get parking
At time 1866, there were 1 cars that did not get parking
At time 1867, there were 1 cars that did not get parking
At time 1868, there were 1 cars that did not get parking
At time 1869, there were 1 cars that did not get parking
At time 1870, there were 1 cars that did not get parking
At time 1871, there were 1 cars that did not get parking
At time 1872, there were 1 cars that did not get parking
At time 1873, there were 1 cars that did not get parking
At time 1874, there were 1 cars that did not get parking
At time 1875, there were 1 cars that did not get parking
At time 1876, there were 1 cars that did not get parking
At time 1877, there were 1 cars that did not get parking
At time 1878, there were 1 cars that did not get parking
At time 1879, there were 1 cars that did not get parking
At time 1880, there were 1 cars that did not get parking
At time 1881, there were 1 cars that did not get parking
At time 1882, there were 1 cars that did not get parking
At time 1883, there were 1 cars that did not get parking
At time 1884, there were 1 cars that did not get parking
At time 1885, there were 1 cars that did not get parking
At time 1886, there were 1 cars that did not get parking
At time 1887, there were 1 cars that did not get parking
At time 1888, there were 1 cars that did not get parking
At time 1889, there were 1 cars that did not get parking
At time 1890, there were 1 cars that did not get parking
At time 1891, there were 1 cars that did not get parking
At time 1892, there were 1 cars that did not get parking
At time 1893, there were 1 cars that did not get parking
At time 1894, there were 1 cars that did not get parking
At time 1895, there were 1 cars that did not get parking
At time 1896, there were 1 cars that did not get parking
At time 1897, there were 1 cars that did not get parking
At time 1898, there were 1 cars that did not get parking
At time 1899, there were 1 cars that did not get parking
At time 1900, there were 1 cars that did not get parking
At time 1901, there were 1 cars that did not get parking
At time 1902, there were 1 cars that did not get parking
At time 1903, there were 1 cars that did not get parking
At time 1904, there were 1 cars that did not get parking
At time 1905, there were 1 cars that did not get parking
At time 1906, there were 1 cars that did not get parking
At time 1907, there were 1 cars that did not get parking
At time 1908, there were 1 cars that did not get parking
At time 1909, there were 1 cars that did not get parking
At time 1910, there were 1 cars that did not get parking
At time 1911, there were 1 cars that did not get parking
At time 1912, there were 1 cars that did not get parking
At time 1913, there were 1 cars that did not get parking
At time 1914, there were 1 cars that did not get parking
At time 1915, there were 1 cars that did not get parking
At time 1916, there were 1 cars that did not get parking
At time 1917, there were 1 cars that did not get parking
At time 1918, there were 1 cars that did not get parking
At time 1919, there were 1 cars that did not get parking
At time 1920, there were 1 cars that did not get parking
At time 1921, there were 1 cars that did not get parking
At time 1922, there were 1 cars that did not get parking
At time 1923, there were 1 cars that did not get parking
At time 1924, there were 1 cars that did not get parking
At time 1925, there were 1 cars that did not get parking
At time 1926, there were 1 cars that did not get parking
At time 1927, there were 1 cars that did not get parking
At time 1928, there were 1 cars that did not get parking
At time 1929, there were 1 cars that did not get parking
At time 1930, there were 1 cars that did not get parking
At time 1931, there were 1 cars that did not get parking
At time 1932, there were 1 cars that did not get parking
At time 1933, there were 2 cars that did not get parking
At time 1934, there were 3 cars that did not get parking
At time 1935, there were 2 cars that did not get parking
At time 1936, there were 1 cars that did not get parking
At time 2119, there were 1 cars that did not get parking
At time 2120, there were 1 cars that did not get parking
At time 2121, there were 1 cars that did not get parking
At time 2122, there were 1 cars that did not get parking
At time 2123, there were 1 cars that did not get parking
At time 2124, there were 1 cars that did not get parking
At time 2125, there were 1 cars that did not get parking
At time 2126, there were 1 cars that did not get parking
At time 2127, there were 1 cars that did not get parking
At time 2128, there were 1 cars that did not get parking
At time 2129, there were 1 cars that did not get parking
At time 2130, there were 1 cars that did not get parking
At time 2131, there were 1 cars that did not get parking
At time 2132, there were 1 cars that did not get parking
At time 2133, there were 1 cars that did not get parking
At time 2134, there were 1 cars that did not get parking
At time 2135, there were 1 cars that did not get parking
At time 2136, there were 1 cars that did not get parking
At time 2137, there were 1 cars that did not get parking
At time 2138, there were 1 cars that did not get parking
At time 2139, there were 1 cars that did not get parking
At time 2140, there were 1 cars that did not get parking
At time 2141, there were 1 cars that did not get parking
At time 2142, there were 1 cars that did not get parking
At time 2143, there were 1 cars that did not get parking
At time 2144, there were 1 cars that did not get parking
At time 2145, there were 1 cars that did not get parking
At time 2146, there were 1 cars that did not get parking
At time 2147, there were 1 cars that did not get parking
At time 2148, there were 1 cars that did not get parking
At time 2149, there were 1 cars that did not get parking
At time 2150, there were 1 cars that did not get parking
At time 2151, there were 1 cars that did not get parking
At time 2152, there were 1 cars that did not get parking
At time 2153, there were 1 cars that did not get parking
At time 2154, there were 1 cars that did not get parking
At time 2155, there were 1 cars that did not get parking
At time 2156, there were 1 cars that did not get parking
At time 2157, there were 1 cars that did not get parking
At time 2158, there were 1 cars that did not get parking
At time 2159, there were 1 cars that did not get parking
At time 2160, there were 1 cars that did not get parking
At time 2161, there were 1 cars that did not get parking
At time 2162, there were 1 cars that did not get parking
At time 2163, there were 1 cars that did not get parking
At time 2164, there were 1 cars that did not get parking
At time 2165, there were 1 cars that did not get parking
At time 2166, there were 1 cars that did not get parking
At time 2167, there were 1 cars that did not get parking
At time 2168, there were 1 cars that did not get parking
At time 2169, there were 1 cars that did not get parking
At time 2170, there were 1 cars that did not get parking
At time 2171, there were 1 cars that did not get parking
At time 2172, there were 1 cars that did not get parking
At time 2173, there were 1 cars that did not get parking
At time 2174, there were 1 cars that did not get parking
At time 2175, there were 1 cars that did not get parking
At time 2176, there were 1 cars that did not get parking
At time 2177, there were 1 cars that did not get parking
At time 2178, there were 1 cars that did not get parking
At time 2179, there were 1 cars that did not get parking
At time 2180, there were 1 cars that did not get parking
At time 2181, there were 1 cars that did not get parking
At time 2182, there were 1 cars that did not get parking
At time 2183, there were 1 cars that did not get parking
At time 2184, there were 1 cars that did not get parking
At time 2185, there were 1 cars that did not get parking
At time 2186, there were 1 cars that did not get parking
At time 2187, there were 1 cars that did not get parking
At time 2188, there were 1 cars that did not get parking
At time 2189, there were 1 cars that did not get parking
At time 2190, there were 1 cars that did not get parking
At time 2191, there were 1 cars that did not get parking
At time 2192, there were 1 cars that did not get parking
At time 2193, there were 1 cars that did not get parking
At time 2194, there were 1 cars that did not get parking
At time 2195, there were 1 cars that did not get parking
At time 2196, there were 1 cars that did not get parking
At time 2197, there were 1 cars that did not get parking
At time 2198, there were 1 cars that did not get parking
At time 2199, there were 1 cars that did not get parking
At time 2200, there were 1 cars that did not get parking
At time 2201, there were 1 cars that did not get parking
At time 2202, there were 1 cars that did not get parking
At time 2203, there were 1 cars that did not get parking
At time 2204, there were 1 cars that did not get parking
At time 2205, there were 1 cars that did not get parking
At time 2206, there were 1 cars that did not get parking
At time 2207, there were 1 cars that did not get parking
At time 2208, there were 1 cars that did not get parking
At time 2209, there were 1 cars that did not get parking
At time 2210, there were 1 cars that did not get parking
At time 2211, there were 1 cars that did not get parking
At time 2212, there were 1 cars that did not get parking
At time 2213, there were 1 cars that did not get parking
At time 2214, there were 1 cars that did not get parking
At time 2215, there were 1 cars that did not get parking
At time 2216, there were 1 cars that did not get parking
At time 2217, there were 1 cars that did not get parking
At time 2218, there were 1 cars that did not get parking
At time 2219, there were 1 cars that did not get parking
At time 2220, there were 1 cars that did not get parking
At time 2221, there were 2 cars that did not get parking
At time 2222, there were 3 cars that did not get parking
At time 2223, there were 2 cars that did not get parking
At time 2224, there were 1 cars that did not get parking
At time 2407, there were 1 cars that did not get parking
At time 2408, there were 1 cars that did not get parking
At time 2409, there were 1 cars that did not get parking
At time 2410, there were 1 cars that did not get parking
At time 2411, there were 1 cars that did not get parking
At time 2412, there were 1 cars that did not get parking
At time 2413, there were 1 cars that did not get parking
At time 2414, there were 1 cars that did not get parking
At time 2415, there were 1 cars that did not get parking
At time 2416, there were 1 cars that did not get parking
At time 2417, there were 1 cars that did not get parking
At time 2418, there were 1 cars that did not get parking
At time 2419, there were 1 cars that did not get parking
At time 2420, there were 1 cars that did not get parking
At time 2421, there were 1 cars that did not get parking
At time 2422, there were 1 cars that did not get parking
At time 2423, there were 1 cars that did not get parking
At time 2424, there were 1 cars that did not get parking
At time 2425, there were 1 cars that did not get parking
At time 2426, there were 1 cars that did not get parking
At time 2427, there were 1 cars that did not get parking
At time 2428, there were 1 cars that did not get parking
At time 2429, there were 1 cars that did not get parking
At time 2430, there were 1 cars that did not get parking
At time 2431, there were 1 cars that did not get parking
At time 2432, there were 1 cars that did not get parking
At time 2433, there were 1 cars that did not get parking
At time 2434, there were 1 cars that did not get parking
At time 2435, there were 1 cars that did not get parking
At time 2436, there were 1 cars that did not get parking
At time 2437, there were 1 cars that did not get parking
At time 2438, there were 1 cars that did not get parking
At time 2439, there were 1 cars that did not get parking
At time 2440, there were 1 cars that did not get parking
At time 2441, there were 1 cars that did not get parking
At time 2442, there were 1 cars that did not get parking
At time 2443, there were 1 cars that did not get parking
At time 2444, there were 1 cars that did not get parking
At time 2445, there were 1 cars that did not get parking
At time 2446, there were 1 cars that did not get parking
At time 2447, there were 1 cars that did not get parking
At time 2448, there were 1 cars that did not get parking
At time 2449, there were 1 cars that did not get parking
At time 2450, there were 1 cars that did not get parking
At time 2451, there were 1 cars that did not get parking
At time 2452, there were 1 cars that did not get parking
At time 2453, there were 1 cars that did not get parking
At time 2454, there were 1 cars that did not get parking
At time 2455, there were 1 cars that did not get parking
At time 2456, there were 1 cars that did not get parking
At time 2457, there were 1 cars that did not get parking
At time 2458, there were 1 cars that did not get parking
At time 2459, there were 1 cars that did not get parking
At time 2460, there were 1 cars that did not get parking
At time 2461, there were 1 cars that did not get parking
At time 2462, there were 1 cars that did not get parking
At time 2463, there were 1 cars that did not get parking
At time 2464, there were 1 cars that did not get parking
At time 2465, there were 1 cars that did not get parking
At time 2466, there were 1 cars that did not get parking
At time 2467, there were 1 cars that did not get parking
At time 2468, there were 1 cars that did not get parking
At time 2469, there were 1 cars that did not get parking
At time 2470, there were 1 cars that did not get parking
At time 2471, there were 1 cars that did not get parking
At time 2472, there were 1 cars that did not get parking
At time 2473, there were 1 cars that did not get parking
At time 2474, there were 1 cars that did not get parking
At time 2475, there were 1 cars that did not get parking
At time 2476, there were 1 cars that did not get parking
At time 2477, there were 1 cars that did not get parking
At time 2478, there were 1 cars that did not get parking
At time 2479, there were 1 cars that did not get parking
At time 2480, there were 1 cars that did not get parking
At time 2481, there were 1 cars that did not get parking
At time 2482, there were 1 cars that did not get parking
At time 2483, there were 1 cars that did not get parking
At time 2484, there were 1 cars that did not get parking
At time 2485, there were 1 cars that did not get parking
At time 2486, there were 1 cars that did not get parking
At time 2487, there were 1 cars that did not get parking
At time 2488, there were 1 cars that did not get parking
At time 2489, there were 1 cars that did not get parking
At time 2490, there were 1 cars that did not get parking
At time 2491, there were 1 cars that did not get parking
At time 2492, there were 1 cars that did not get parking
At time 2493, there were 1 cars that did not get parking
At time 2494, there were 1 cars that did not get parking
At time 2495, there were 1 cars that did not get parking
At time 2496, there were 1 cars that did not get parking
At time 2497, there were 1 cars that did not get parking
At time 2498, there were 1 cars that did not get parking
At time 2499, there were 1 cars that did not get parking
At time 2500, there were 1 cars that did not get parking
At time 2501, there were 1 cars that did not get parking
At time 2502, there were 1 cars that did not get parking
At time 2503, there were 1 cars that did not get parking
At time 2504, there were 1 cars that did not get parking
At time 2505, there were 1 cars that did not get parking
At time 2506, there were 1 cars that did not get parking
At time 2507, there were 1 cars that did not get parking
At time 2508, there were 1 cars that did not get parking
At time 2509, there were 2 cars that did not get parking
At time 2510, there were 3 cars that did not get parking
At time 2511, there were 2 cars that did not get parking
At time 2512, there were 1 cars that did not get parking
At time 2695, there were 1 cars that did not get parking
At time 2696, there were 1 cars that did not get parking
At time 2697, there were 1 cars that did not get parking
At time 2698, there were 1 cars that did not get parking
At time 2699, there were 1 cars that did not get parking
At time 2700, there were 1 cars that did not get parking
At time 2701, there were 1 cars that did not get parking
At time 2702, there were 1 cars that did not get parking
At time 2703, there were 1 cars that did not get parking
At time 2704, there were 1 cars that did not get parking
At time 2705, there were 1 cars that did not get parking
At time 2706, there were 1 cars that did not get parking
At time 2707, there were 1 cars that did not get parking
At time 2708, there were 1 cars that did not get parking
At time 2709, there were 1 cars that did not get parking
At time 2710, there were 1 cars that did not get parking
At time 2711, there were 1 cars that did not get parking
At time 2712, there were 1 cars that did not get parking
At time 2713, there were 1 cars that did not get parking
At time 2714, there were 1 cars that did not get parking
At time 2715, there were 1 cars that did not get parking
At time 2716, there were 1 cars that did not get parking
At time 2717, there were 1 cars that did not get parking
At time 2718, there were 1 cars that did not get parking
At time 2719, there were 1 cars that did not get parking
At time 2720, there were 1 cars that did not get parking
At time 2721, there were 1 cars that did not get parking
At time 2722, there were 1 cars that did not get parking
At time 2723, there were 1 cars that did not get parking
At time 2724, there were 1 cars that did not get parking
At time 2725, there were 1 cars that did not get parking
At time 2726, there were 1 cars that did not get parking
At time 2727, there were 1 cars that did not get parking
At time 2728, there were 1 cars that did not get parking
At time 2729, there were 1 cars that did not get parking
At time 2730, there were 1 cars that did not get parking
At time 2731, there were 1 cars that did not get parking
At time 2732, there were 1 cars that did not get parking
At time 2733, there were 1 cars that did not get parking
At time 2734, there were 1 cars that did not get parking
At time 2735, there were 1 cars that did not get parking
At time 2736, there were 1 cars that did not get parking
At time 2737, there were 1 cars that did not get parking
At time 2738, there were 1 cars that did not get parking
At time 2739, there were 1 cars that did not get parking
At time 2740, there were 1 cars that did not get parking
At time 2741, there were 1 cars that did not get parking
At time 2742, there were 1 cars that did not get parking
At time 2743, there were 1 cars that did not get parking
At time 2744, there were 1 cars that did not get parking
At time 2745, there were 1 cars that did not get parking
At time 2746, there were 1 cars that did not get parking
At time 2747, there were 1 cars that did not get parking
At time 2748, there were 1 cars that did not get parking
At time 2749, there were 1 cars that did not get parking
At time 2750, there were 1 cars that did not get parking
At time 2751, there were 1 cars that did not get parking
At time 2752, there were 1 cars that did not get parking
At time 2753, there were 1 cars that did not get parking
At time 2754, there were 1 cars that did not get parking
At time 2755, there were 1 cars that did not get parking
At time 2756, there were 1 cars that did not get parking
At time 2757, there were 1 cars that did not get parking
At time 2758, there were 1 cars that did not get parking
At time 2759, there were 1 cars that did not get parking
At time 2760, there were 1 cars that did not get parking
At time 2761, there were 1 cars that did not get parking
At time 2762, there were 1 cars that did not get parking
At time 2763, there were 1 cars that did not get parking
At time 2764, there were 1 cars that did not get parking
At time 2765, there were 1 cars that did not get parking
At time 2766, there were 1 cars that did not get parking
At time 2767, there were 1 cars that did not get parking
At time 2768, there were 1 cars that did not get parking
At time 2769, there were 1 cars that did not get parking
At time 2770, there were 1 cars that did not get parking
At time 2771, there were 1 cars that did not get parking
At time 2772, there were 1 cars that did not get parking
At time 2773, there were 1 cars that did not get parking
At time 2774, there were 1 cars that did not get parking
At time 2775, there were 1 cars that did not get parking
At time 2776, there were 1 cars that did not get parking
At time 2777, there were 1 cars that did not get parking
At time 2778, there were 1 cars that did not get parking
At time 2779, there were 1 cars that did not get parking
At time 2780, there were 1 cars that did not get parking
At time 2781, there were 1 cars that did not get parking
At time 2782, there were 1 cars that did not get parking
At time 2783, there were 1 cars that did not get parking
At time 2784, there were 1 cars that did not get parking
At time 2785, there were 1 cars that did not get parking
At time 2786, there were 1 cars that did not get parking
At time 2787, there were 1 cars that did not get parking
At time 2788, there were 1 cars that did not get parking
At time 2789, there were 1 cars that did not get parking
At time 2790, there were 1 cars that did not get parking
At time 2791, there were 1 cars that did not get parking
At time 2792, there were 1 cars that did not get parking
At time 2793, there were 1 cars that did not get parking
At time 2794, there were 1 cars that did not get parking
At time 2795, there were 1 cars that did not get parking
At time 2796, there were 1 cars that did not get parking
At time 2797, there were 2 cars that did not get parking
At time 2798, there were 3 cars that did not get parking
At time 2799, there were 2 cars that did not get parking
At time 2800, there were 1 cars that did not get parking
This station was full for 1628 minutes
This station was empty for 128 minutes


Station 39:
This station was full for 0 minutes
This station was empty for 0 minutes


Station 40:
This station was full for 0 minutes
This station was empty for 0 minutes


Station 41:
This station was full for 2667 minutes
This station was empty for 0 minutes


Station 42:
This station was full for 0 minutes
This station was empty for 0 minutes


Station 43:
This station was full for 0 minutes
This station was empty for 0 minutes


Station 44:
This station was full for 0 minutes
This station was empty for 0 minutes


Station 45:
This station was full for 0 minutes
This station was empty for 0 minutes


Station 46:
This station was full for 0 minutes
This station was empty for 0 minutes


Station 47:
This station was full for 0 minutes
This station was empty for 2880 minutes


Station 48:
This station was full for 0 minutes
This station was empty for 0 minutes


Station 49:
This station was full for 0 minutes
This station was empty for 2880 minutes


Station 50:
This station was full for 0 minutes
This station was empty for 0 minutes


Station 51:
This station was full for 0 minutes
This station was empty for 0 minutes


Station 52:
This station was full for 0 minutes
This station was empty for 0 minutes


Station 53:
This station was full for 0 minutes
This station was empty for 0 minutes


Station 54:
This station was full for 0 minutes
This station was empty for 0 minutes


Station 55:
This station was full for 2783 minutes
This station was empty for 0 minutes


Station 56:
This station was full for 0 minutes
This station was empty for 0 minutes


Station 57:
This station was full for 0 minutes
This station was empty for 0 minutes
